Archive member included to satisfy reference by file (symbol)

/opt/Atollic_TrueSTUDIO_for_STM32_x86_64_9.3.0/ARMTools/bin/../lib/gcc/arm-atollic-eabi/6.3.1/../../../../arm-atollic-eabi/lib/armv7e-m/fpu/libc.a(lib_a-errno.o)
                              Core/src/syscalls.o (__errno)
/opt/Atollic_TrueSTUDIO_for_STM32_x86_64_9.3.0/ARMTools/bin/../lib/gcc/arm-atollic-eabi/6.3.1/../../../../arm-atollic-eabi/lib/armv7e-m/fpu/libc.a(lib_a-impure.o)
                              /opt/Atollic_TrueSTUDIO_for_STM32_x86_64_9.3.0/ARMTools/bin/../lib/gcc/arm-atollic-eabi/6.3.1/../../../../arm-atollic-eabi/lib/armv7e-m/fpu/libc.a(lib_a-errno.o) (_impure_ptr)
/opt/Atollic_TrueSTUDIO_for_STM32_x86_64_9.3.0/ARMTools/bin/../lib/gcc/arm-atollic-eabi/6.3.1/../../../../arm-atollic-eabi/lib/armv7e-m/fpu/libc.a(lib_a-init.o)
                              startup/startup_stm32f407xx.o (__libc_init_array)
/opt/Atollic_TrueSTUDIO_for_STM32_x86_64_9.3.0/ARMTools/bin/../lib/gcc/arm-atollic-eabi/6.3.1/../../../../arm-atollic-eabi/lib/armv7e-m/fpu/libc.a(lib_a-malloc.o)
                              Middlewares/ST/STM32_USB_Device_Library/Class/CDC/Src/usbd_cdc.o (malloc)
/opt/Atollic_TrueSTUDIO_for_STM32_x86_64_9.3.0/ARMTools/bin/../lib/gcc/arm-atollic-eabi/6.3.1/../../../../arm-atollic-eabi/lib/armv7e-m/fpu/libc.a(lib_a-mallocr.o)
                              /opt/Atollic_TrueSTUDIO_for_STM32_x86_64_9.3.0/ARMTools/bin/../lib/gcc/arm-atollic-eabi/6.3.1/../../../../arm-atollic-eabi/lib/armv7e-m/fpu/libc.a(lib_a-malloc.o) (_malloc_r)
/opt/Atollic_TrueSTUDIO_for_STM32_x86_64_9.3.0/ARMTools/bin/../lib/gcc/arm-atollic-eabi/6.3.1/../../../../arm-atollic-eabi/lib/armv7e-m/fpu/libc.a(lib_a-memcpy-stub.o)
                              Middlewares/Third_Party/FreeRTOS/Source/CMSIS_RTOS_V2/cmsis_os2.o (memcpy)
/opt/Atollic_TrueSTUDIO_for_STM32_x86_64_9.3.0/ARMTools/bin/../lib/gcc/arm-atollic-eabi/6.3.1/../../../../arm-atollic-eabi/lib/armv7e-m/fpu/libc.a(lib_a-memset.o)
                              Core/src/main.o (memset)
/opt/Atollic_TrueSTUDIO_for_STM32_x86_64_9.3.0/ARMTools/bin/../lib/gcc/arm-atollic-eabi/6.3.1/../../../../arm-atollic-eabi/lib/armv7e-m/fpu/libc.a(lib_a-mlock.o)
                              /opt/Atollic_TrueSTUDIO_for_STM32_x86_64_9.3.0/ARMTools/bin/../lib/gcc/arm-atollic-eabi/6.3.1/../../../../arm-atollic-eabi/lib/armv7e-m/fpu/libc.a(lib_a-mallocr.o) (__malloc_lock)
/opt/Atollic_TrueSTUDIO_for_STM32_x86_64_9.3.0/ARMTools/bin/../lib/gcc/arm-atollic-eabi/6.3.1/../../../../arm-atollic-eabi/lib/armv7e-m/fpu/libc.a(lib_a-sbrkr.o)
                              /opt/Atollic_TrueSTUDIO_for_STM32_x86_64_9.3.0/ARMTools/bin/../lib/gcc/arm-atollic-eabi/6.3.1/../../../../arm-atollic-eabi/lib/armv7e-m/fpu/libc.a(lib_a-mallocr.o) (_sbrk_r)
/opt/Atollic_TrueSTUDIO_for_STM32_x86_64_9.3.0/ARMTools/bin/../lib/gcc/arm-atollic-eabi/6.3.1/../../../../arm-atollic-eabi/lib/armv7e-m/fpu/libc.a(lib_a-sprintf.o)
                              Middlewares/Third_Party/FreeRTOS/Source/tasks.o (sprintf)
/opt/Atollic_TrueSTUDIO_for_STM32_x86_64_9.3.0/ARMTools/bin/../lib/gcc/arm-atollic-eabi/6.3.1/../../../../arm-atollic-eabi/lib/armv7e-m/fpu/libc.a(lib_a-strcpy.o)
                              Middlewares/Third_Party/FreeRTOS/Source/tasks.o (strcpy)
/opt/Atollic_TrueSTUDIO_for_STM32_x86_64_9.3.0/ARMTools/bin/../lib/gcc/arm-atollic-eabi/6.3.1/../../../../arm-atollic-eabi/lib/armv7e-m/fpu/libc.a(lib_a-strlen.o)
                              Middlewares/Third_Party/FreeRTOS/Source/tasks.o (strlen)
/opt/Atollic_TrueSTUDIO_for_STM32_x86_64_9.3.0/ARMTools/bin/../lib/gcc/arm-atollic-eabi/6.3.1/../../../../arm-atollic-eabi/lib/armv7e-m/fpu/libc.a(lib_a-svfprintf.o)
                              /opt/Atollic_TrueSTUDIO_for_STM32_x86_64_9.3.0/ARMTools/bin/../lib/gcc/arm-atollic-eabi/6.3.1/../../../../arm-atollic-eabi/lib/armv7e-m/fpu/libc.a(lib_a-sprintf.o) (_svfprintf_r)
/opt/Atollic_TrueSTUDIO_for_STM32_x86_64_9.3.0/ARMTools/bin/../lib/gcc/arm-atollic-eabi/6.3.1/../../../../arm-atollic-eabi/lib/armv7e-m/fpu/libc.a(lib_a-dtoa.o)
                              /opt/Atollic_TrueSTUDIO_for_STM32_x86_64_9.3.0/ARMTools/bin/../lib/gcc/arm-atollic-eabi/6.3.1/../../../../arm-atollic-eabi/lib/armv7e-m/fpu/libc.a(lib_a-svfprintf.o) (_dtoa_r)
/opt/Atollic_TrueSTUDIO_for_STM32_x86_64_9.3.0/ARMTools/bin/../lib/gcc/arm-atollic-eabi/6.3.1/../../../../arm-atollic-eabi/lib/armv7e-m/fpu/libc.a(lib_a-freer.o)
                              /opt/Atollic_TrueSTUDIO_for_STM32_x86_64_9.3.0/ARMTools/bin/../lib/gcc/arm-atollic-eabi/6.3.1/../../../../arm-atollic-eabi/lib/armv7e-m/fpu/libc.a(lib_a-malloc.o) (_free_r)
/opt/Atollic_TrueSTUDIO_for_STM32_x86_64_9.3.0/ARMTools/bin/../lib/gcc/arm-atollic-eabi/6.3.1/../../../../arm-atollic-eabi/lib/armv7e-m/fpu/libc.a(lib_a-localeconv.o)
                              /opt/Atollic_TrueSTUDIO_for_STM32_x86_64_9.3.0/ARMTools/bin/../lib/gcc/arm-atollic-eabi/6.3.1/../../../../arm-atollic-eabi/lib/armv7e-m/fpu/libc.a(lib_a-svfprintf.o) (_localeconv_r)
[...]
Memory Configuration

Name             Origin             Length             Attributes
RAM              0x0000000020000000 0x0000000000020000 xrw
CCMRAM           0x0000000010000000 0x0000000000010000 xrw
FLASH            0x0000000008000000 0x0000000000100000 xr
*default*        0x0000000000000000 0xffffffffffffffff

Linker script and memory map

LOAD /opt/Atollic_TrueSTUDIO_for_STM32_x86_64_9.3.0/ARMTools/bin/../lib/gcc/arm-atollic-eabi/6.3.1/armv7e-m/fpu/crti.o
LOAD /opt/Atollic_TrueSTUDIO_for_STM32_x86_64_9.3.0/ARMTools/bin/../lib/gcc/arm-atollic-eabi/6.3.1/armv7e-m/fpu/crtbegin.o
LOAD Core/src/adc.o
LOAD Core/src/can.o
LOAD Core/src/dac.o
LOAD Core/src/dma.o
LOAD Core/src/freertos.o
LOAD Core/src/gpio.o
LOAD Core/src/i2c.o
LOAD Core/src/main.o
LOAD Core/src/stm32f4xx_hal_msp.o
LOAD Core/src/stm32f4xx_hal_timebase_tim.o
LOAD Core/src/stm32f4xx_it.o
LOAD Core/src/syscalls.o
LOAD Core/src/system_stm32f4xx.o
LOAD Core/src/tim.o
LOAD Drivers/STM32F4xx_HAL_Driver/Src/stm32f4xx_hal.o
LOAD Drivers/STM32F4xx_HAL_Driver/Src/stm32f4xx_hal_adc.o
LOAD Drivers/STM32F4xx_HAL_Driver/Src/stm32f4xx_hal_adc_ex.o
LOAD Drivers/STM32F4xx_HAL_Driver/Src/stm32f4xx_hal_can.o
LOAD Drivers/STM32F4xx_HAL_Driver/Src/stm32f4xx_hal_cortex.o
LOAD Drivers/STM32F4xx_HAL_Driver/Src/stm32f4xx_hal_dac.o
LOAD Drivers/STM32F4xx_HAL_Driver/Src/stm32f4xx_hal_dac_ex.o
LOAD Drivers/STM32F4xx_HAL_Driver/Src/stm32f4xx_hal_dma.o
LOAD Drivers/STM32F4xx_HAL_Driver/Src/stm32f4xx_hal_dma_ex.o
LOAD Drivers/STM32F4xx_HAL_Driver/Src/stm32f4xx_hal_exti.o
LOAD Drivers/STM32F4xx_HAL_Driver/Src/stm32f4xx_hal_flash.o
LOAD Drivers/STM32F4xx_HAL_Driver/Src/stm32f4xx_hal_flash_ex.o
LOAD Drivers/STM32F4xx_HAL_Driver/Src/stm32f4xx_hal_flash_ramfunc.o
LOAD Drivers/STM32F4xx_HAL_Driver/Src/stm32f4xx_hal_gpio.o
LOAD Drivers/STM32F4xx_HAL_Driver/Src/stm32f4xx_hal_i2c.o
LOAD Drivers/STM32F4xx_HAL_Driver/Src/stm32f4xx_hal_i2c_ex.o
LOAD Drivers/STM32F4xx_HAL_Driver/Src/stm32f4xx_hal_pcd.o
LOAD Drivers/STM32F4xx_HAL_Driver/Src/stm32f4xx_hal_pcd_ex.o
LOAD Drivers/STM32F4xx_HAL_Driver/Src/stm32f4xx_hal_pwr.o
LOAD Drivers/STM32F4xx_HAL_Driver/Src/stm32f4xx_hal_pwr_ex.o
LOAD Drivers/STM32F4xx_HAL_Driver/Src/stm32f4xx_hal_rcc.o
LOAD Drivers/STM32F4xx_HAL_Driver/Src/stm32f4xx_hal_rcc_ex.o
LOAD Drivers/STM32F4xx_HAL_Driver/Src/stm32f4xx_hal_tim.o
LOAD Drivers/STM32F4xx_HAL_Driver/Src/stm32f4xx_hal_tim_ex.o
LOAD Drivers/STM32F4xx_HAL_Driver/Src/stm32f4xx_ll_usb.o
LOAD Middlewares/ST/STM32_USB_Device_Library/Class/CDC/Src/usbd_cdc.o
LOAD Middlewares/ST/STM32_USB_Device_Library/Core/Src/usbd_core.o
LOAD Middlewares/ST/STM32_USB_Device_Library/Core/Src/usbd_ctlreq.o
LOAD Middlewares/ST/STM32_USB_Device_Library/Core/Src/usbd_ioreq.o
LOAD Middlewares/Third_Party/FreeRTOS/Source/CMSIS_RTOS_V2/cmsis_os2.o
LOAD Middlewares/Third_Party/FreeRTOS/Source/croutine.o
LOAD Middlewares/Third_Party/FreeRTOS/Source/event_groups.o
LOAD Middlewares/Third_Party/FreeRTOS/Source/list.o
LOAD Middlewares/Third_Party/FreeRTOS/Source/portable/GCC/ARM_CM4F/port.o
LOAD Middlewares/Third_Party/FreeRTOS/Source/portable/MemMang/heap_4.o
LOAD Middlewares/Third_Party/FreeRTOS/Source/queue.o
LOAD Middlewares/Third_Party/FreeRTOS/Source/stream_buffer.o
LOAD Middlewares/Third_Party/FreeRTOS/Source/tasks.o
LOAD Middlewares/Third_Party/FreeRTOS/Source/timers.o
LOAD Source/Tasks/analog.o
LOAD Source/Tasks/communication.o
LOAD Source/Timers/envelope.o
LOAD Source/Timers/heartbeat.o
LOAD Source/bmp280.o
LOAD Source/config.o
LOAD Source/crc32.o
LOAD Source/debug.o
LOAD Source/hub.o
LOAD Source/hx711.o
LOAD Source/stepper.o
LOAD USB_DEVICE/App/usb_device.o
LOAD USB_DEVICE/App/usbd_cdc_if.o
LOAD USB_DEVICE/App/usbd_desc.o
LOAD USB_DEVICE/Target/usbd_conf.o
LOAD startup/startup_stm32f407xx.o
                0x0000000000000080                malloc_getpagesize_P = 0x80
START GROUP
LOAD /opt/Atollic_TrueSTUDIO_for_STM32_x86_64_9.3.0/ARMTools/bin/../lib/gcc/arm-atollic-eabi/6.3.1/../../../../arm-atollic-eabi/lib/armv7e-m/fpu/libc.a
LOAD /opt/Atollic_TrueSTUDIO_for_STM32_x86_64_9.3.0/ARMTools/bin/../lib/gcc/arm-atollic-eabi/6.3.1/../../../../arm-atollic-eabi/lib/armv7e-m/fpu/libm.a
END GROUP
START GROUP
LOAD /opt/Atollic_TrueSTUDIO_for_STM32_x86_64_9.3.0/ARMTools/bin/../lib/gcc/arm-atollic-eabi/6.3.1/armv7e-m/fpu/libgcc.a
LOAD /opt/Atollic_TrueSTUDIO_for_STM32_x86_64_9.3.0/ARMTools/bin/../lib/gcc/arm-atollic-eabi/6.3.1/../../../../arm-atollic-eabi/lib/armv7e-m/fpu/libc.a
END GROUP
START GROUP
LOAD /opt/Atollic_TrueSTUDIO_for_STM32_x86_64_9.3.0/ARMTools/bin/../lib/gcc/arm-atollic-eabi/6.3.1/armv7e-m/fpu/libgcc.a
LOAD /opt/Atollic_TrueSTUDIO_for_STM32_x86_64_9.3.0/ARMTools/bin/../lib/gcc/arm-atollic-eabi/6.3.1/../../../../arm-atollic-eabi/lib/armv7e-m/fpu/libc.a
LOAD /opt/Atollic_TrueSTUDIO_for_STM32_x86_64_9.3.0/ARMTools/bin/../lib/gcc/arm-atollic-eabi/6.3.1/../../../../arm-atollic-eabi/lib/armv7e-m/fpu/libnosys.a
END GROUP
LOAD /opt/Atollic_TrueSTUDIO_for_STM32_x86_64_9.3.0/ARMTools/bin/../lib/gcc/arm-atollic-eabi/6.3.1/armv7e-m/fpu/crtend.o
LOAD /opt/Atollic_TrueSTUDIO_for_STM32_x86_64_9.3.0/ARMTools/bin/../lib/gcc/arm-atollic-eabi/6.3.1/armv7e-m/fpu/crtn.o
                0x0000000020020000                _estack = 0x20020000
                0x0000000000000300                _Min_Heap_Size = 0x300
                0x0000000000000400                _Min_Stack_Size = 0x400

.isr_vector     0x0000000008000000      0x188
                0x0000000008000000                . = ALIGN (0x4)
 *(.isr_vector)
 .isr_vector    0x0000000008000000      0x188 startup/startup_stm32f407xx.o
                0x0000000008000000                g_pfnVectors
                0x0000000008000188                . = ALIGN (0x4)

.text           0x0000000008000190    0x1c7a8
                0x0000000008000190                . = ALIGN (0x4)
 *(.text)
 .text          0x0000000008000190        0x0 /opt/Atollic_TrueSTUDIO_for_STM32_x86_64_9.3.0/ARMTools/bin/../lib/gcc/arm-atollic-eabi/6.3.1/armv7e-m/fpu/crti.o
 .text          0x0000000008000190       0x40 /opt/Atollic_TrueSTUDIO_for_STM32_x86_64_9.3.0/ARMTools/bin/../lib/gcc/arm-atollic-eabi/6.3.1/armv7e-m/fpu/crtbegin.o
 .text          0x00000000080001d0      0x2d4 Core/src/adc.o
                0x00000000080001d0                MX_ADC1_Init
                0x0000000008000360                HAL_ADC_MspInit
                0x0000000008000458                HAL_ADC_MspDeInit
 .text          0x00000000080004a4       0xd0 Core/src/can.o
                0x00000000080004a4                MX_CAN1_Init
                0x00000000080004dc                HAL_CAN_MspInit
                0x0000000008000548                HAL_CAN_MspDeInit
 .text          0x0000000008000574       0xfc Core/src/dac.o
                0x0000000008000574                MX_DAC_Init
                0x00000000080005c8                HAL_DAC_MspInit
                0x000000000800063c                HAL_DAC_MspDeInit
 .text          0x0000000008000670       0x34 Core/src/dma.o
                0x0000000008000670                MX_DMA_Init
 .text          0x00000000080006a4      0x16c Core/src/freertos.o
                0x00000000080006a4                StartDefaultTask
                0x0000000008000768                configureTimerForRunTimeStats
                0x000000000800076a                getRunTimeCounterValue
                0x000000000800076e                vApplicationStackOverflowHook
                0x0000000008000770                MX_FREERTOS_Init
 .text          0x0000000008000810       0xf4 Core/src/gpio.o
                0x0000000008000810                MX_GPIO_Init
 .text          0x0000000008000904       0xdc Core/src/i2c.o
                0x0000000008000904                MX_I2C1_Init
                0x0000000008000940                HAL_I2C_MspInit
                0x00000000080009b4                HAL_I2C_MspDeInit
 .text          0x00000000080009e0      0x17c Core/src/main.o
                0x00000000080009e0                SystemClock_Config
                0x0000000008000a78                main
                0x0000000008000b40                HAL_TIM_PeriodElapsedCallback
                0x0000000008000b58                Error_Handler
 .text          0x0000000008000b5c       0x44 Core/src/stm32f4xx_hal_msp.o
                0x0000000008000b5c                HAL_MspInit
 .text          0x0000000008000ba0       0xa4 Core/src/stm32f4xx_hal_timebase_tim.o
                0x0000000008000ba0                HAL_InitTick
                0x0000000008000c1c                HAL_SuspendTick
                0x0000000008000c30                HAL_ResumeTick
 .text          0x0000000008000c44       0x44 Core/src/stm32f4xx_it.o
                0x0000000008000c44                NMI_Handler
                0x0000000008000c46                HardFault_Handler
                0x0000000008000c48                MemManage_Handler
                0x0000000008000c4a                BusFault_Handler
                0x0000000008000c4c                UsageFault_Handler
                0x0000000008000c4e                DebugMon_Handler
                0x0000000008000c50                TIM6_DAC_IRQHandler
                0x0000000008000c68                DMA2_Stream0_IRQHandler
                0x0000000008000c78                OTG_FS_IRQHandler
 .text          0x0000000008000c88      0x11c Core/src/syscalls.o
                0x0000000008000c88                initialise_monitor_handles
                0x0000000008000c8a                _getpid
                0x0000000008000c8e                _kill
                0x0000000008000c9e                _exit
                0x0000000008000caa                _read
                0x0000000008000ce4                _sbrk
                0x0000000008000d20                _close
                0x0000000008000d26                _fstat
                0x0000000008000d30                _isatty
                0x0000000008000d34                _lseek
                0x0000000008000d38                _open
                0x0000000008000d42                _wait
                0x0000000008000d52                _unlink
                0x0000000008000d62                _times
                0x0000000008000d68                _stat
                0x0000000008000d72                _link
                0x0000000008000d82                _fork
                0x0000000008000d92                _execve
 .text          0x0000000008000da4       0xbc Core/src/system_stm32f4xx.o
                0x0000000008000da4                SystemInit
                0x0000000008000dc0                SystemCoreClockUpdate
 .text          0x0000000008000e60      0x4e0 Core/src/tim.o
                0x0000000008000e60                MX_TIM1_Init
                0x0000000008000f3c                MX_TIM2_Init
                0x0000000008000fac                MX_TIM5_Init
                0x000000000800108c                MX_TIM8_Init
                0x00000000080011a4                HAL_TIM_Base_MspInit
                0x00000000080012b4                HAL_TIM_Base_MspDeInit
 .text          0x0000000008001340      0x218 Drivers/STM32F4xx_HAL_Driver/Src/stm32f4xx_hal.o
                0x0000000008001342                HAL_MspDeInit
                0x0000000008001344                HAL_DeInit
                0x00000000080013b8                HAL_Init
                0x00000000080013ec                HAL_IncTick
                0x0000000008001404                HAL_GetTick
                0x0000000008001410                HAL_GetTickPrio
                0x000000000800141c                HAL_SetTickFreq
                0x0000000008001444                HAL_GetTickFreq
                0x0000000008001450                HAL_Delay
                0x0000000008001498                HAL_GetHalVersion
                0x00000000080014a0                HAL_GetREVID
                0x00000000080014ac                HAL_GetDEVID
                0x00000000080014bc                HAL_DBGMCU_EnableDBGSleepMode
                0x00000000080014cc                HAL_DBGMCU_DisableDBGSleepMode
                0x00000000080014dc                HAL_DBGMCU_EnableDBGStopMode
                0x00000000080014ec                HAL_DBGMCU_DisableDBGStopMode
                0x00000000080014fc                HAL_DBGMCU_EnableDBGStandbyMode
                0x000000000800150c                HAL_DBGMCU_DisableDBGStandbyMode
                0x000000000800151c                HAL_EnableCompensationCell
                0x0000000008001528                HAL_DisableCompensationCell
                0x0000000008001534                HAL_GetUIDw0
                0x0000000008001540                HAL_GetUIDw1
                0x000000000800154c                HAL_GetUIDw2
 .text          0x0000000008001558      0xbcc Drivers/STM32F4xx_HAL_Driver/Src/stm32f4xx_hal_adc.o
                0x000000000800168e                HAL_ADC_Init
                0x00000000080016e6                HAL_ADC_DeInit
                0x0000000008001720                HAL_ADC_Start
                0x0000000008001854                HAL_ADC_Stop
                0x0000000008001894                HAL_ADC_PollForConversion
                0x000000000800194a                HAL_ADC_PollForEvent
                0x00000000080019b6                HAL_ADC_Start_IT
                0x0000000008001afc                HAL_ADC_Stop_IT
                0x0000000008001b48                HAL_ADC_Start_DMA
                0x0000000008001cc8                HAL_ADC_Stop_DMA
                0x0000000008001d26                HAL_ADC_GetValue
                0x0000000008001d2c                HAL_ADC_ConvCpltCallback
                0x0000000008001d2e                HAL_ADC_ConvHalfCpltCallback
                0x0000000008001d3a                HAL_ADC_LevelOutOfWindowCallback
                0x0000000008001d3c                HAL_ADC_ErrorCallback
                0x0000000008001d3e                HAL_ADC_IRQHandler
                0x0000000008001f14                HAL_ADC_ConfigChannel
                0x00000000080020a4                HAL_ADC_AnalogWDGConfig
                0x000000000800211a                HAL_ADC_GetState
                0x000000000800211e                HAL_ADC_GetError
 .text          0x0000000008002124      0x81c Drivers/STM32F4xx_HAL_Driver/Src/stm32f4xx_hal_adc_ex.o
                0x00000000080021a6                HAL_ADCEx_InjectedStart
                0x0000000008002298                HAL_ADCEx_InjectedStart_IT
                0x0000000008002394                HAL_ADCEx_InjectedStop
                0x00000000080023f6                HAL_ADCEx_InjectedPollForConversion
                0x000000000800249c                HAL_ADCEx_InjectedStop_IT
                0x0000000008002506                HAL_ADCEx_InjectedGetValue
                0x0000000008002546                HAL_ADCEx_MultiModeStart_DMA
                0x0000000008002668                HAL_ADCEx_MultiModeStop_DMA
                0x00000000080026cc                HAL_ADCEx_MultiModeGetValue
                0x00000000080026d8                HAL_ADCEx_InjectedConvCpltCallback
                0x00000000080026da                HAL_ADCEx_InjectedConfigChannel
                0x00000000080028e8                HAL_ADCEx_MultiModeConfigChannel
 .text          0x0000000008002940      0xa24 Drivers/STM32F4xx_HAL_Driver/Src/stm32f4xx_hal_can.o
                0x0000000008002942                HAL_CAN_Init
                0x0000000008002a90                HAL_CAN_ConfigFilter
                0x0000000008002bbc                HAL_CAN_Start
                0x0000000008002c18                HAL_CAN_Stop
                0x0000000008002c7a                HAL_CAN_DeInit
                0x0000000008002ca2                HAL_CAN_RequestSleep
                0x0000000008002cc8                HAL_CAN_WakeUp
                0x0000000008002d20                HAL_CAN_IsSleepActive
                0x0000000008002d42                HAL_CAN_AddTxMessage
                0x0000000008002e2c                HAL_CAN_AbortTxRequest
                0x0000000008002e7c                HAL_CAN_GetTxMailboxesFreeLevel
                0x0000000008002eb2                HAL_CAN_IsTxMessagePending
                0x0000000008002ed6                HAL_CAN_GetTxTimestamp
                0x0000000008002efc                HAL_CAN_GetRxMessage
                0x0000000008003030                HAL_CAN_GetRxFifoFillLevel
                0x0000000008003056                HAL_CAN_ActivateNotification
                0x000000000800307a                HAL_CAN_DeactivateNotification
                0x00000000080030a0                HAL_CAN_TxMailbox0CompleteCallback
                0x00000000080030a2                HAL_CAN_TxMailbox1CompleteCallback
                0x00000000080030a4                HAL_CAN_TxMailbox2CompleteCallback
                0x00000000080030a6                HAL_CAN_TxMailbox0AbortCallback
                0x00000000080030a8                HAL_CAN_TxMailbox1AbortCallback
                0x00000000080030aa                HAL_CAN_TxMailbox2AbortCallback
                0x00000000080030ac                HAL_CAN_RxFifo0MsgPendingCallback
                0x00000000080030ae                HAL_CAN_RxFifo0FullCallback
                0x00000000080030b0                HAL_CAN_RxFifo1MsgPendingCallback
                0x00000000080030b2                HAL_CAN_RxFifo1FullCallback
                0x00000000080030b4                HAL_CAN_SleepCallback
                0x00000000080030b6                HAL_CAN_WakeUpFromRxMsgCallback
                0x00000000080030b8                HAL_CAN_ErrorCallback
                0x00000000080030ba                HAL_CAN_IRQHandler
                0x0000000008003312                HAL_CAN_GetState
                0x000000000800333e                HAL_CAN_GetError
                0x0000000008003342                HAL_CAN_ResetError
 .text          0x0000000008003364      0x2d4 Drivers/STM32F4xx_HAL_Driver/Src/stm32f4xx_hal_cortex.o
                0x0000000008003364                HAL_NVIC_SetPriorityGrouping
                0x0000000008003388                HAL_NVIC_SetPriority
                0x00000000080033ec                HAL_NVIC_EnableIRQ
                0x0000000008003408                HAL_NVIC_DisableIRQ
                0x0000000008003430                HAL_NVIC_SystemReset
                0x0000000008003454                HAL_SYSTICK_Config
                0x0000000008003480                HAL_MPU_Disable
                0x00000000080034a0                HAL_MPU_Enable
                0x00000000080034c4                HAL_MPU_ConfigRegion
                0x0000000008003518                HAL_NVIC_GetPriorityGrouping
                0x0000000008003528                HAL_NVIC_GetPriority
                0x0000000008003584                HAL_NVIC_SetPendingIRQ
                0x00000000080035a4                HAL_NVIC_GetPendingIRQ
                0x00000000080035c8                HAL_NVIC_ClearPendingIRQ
                0x00000000080035e8                HAL_NVIC_GetActive
                0x000000000800360c                HAL_SYSTICK_CLKSourceConfig
                0x000000000800362c                HAL_SYSTICK_Callback
                0x000000000800362e                HAL_SYSTICK_IRQHandler
 .text          0x0000000008003638      0x328 Drivers/STM32F4xx_HAL_Driver/Src/stm32f4xx_hal_dac.o
                0x000000000800363a                HAL_DAC_Init
                0x0000000008003660                HAL_DAC_DeInit
                0x000000000800367c                HAL_DAC_Start
                0x00000000080036ea                HAL_DAC_Stop
                0x0000000008003706                HAL_DAC_Start_DMA
                0x00000000080037f8                HAL_DAC_Stop_DMA
                0x0000000008003838                HAL_DAC_GetValue
                0x0000000008003846                HAL_DAC_ConvCpltCallbackCh1
                0x0000000008003858                HAL_DAC_ConvHalfCpltCallbackCh1
                0x0000000008003864                HAL_DAC_ErrorCallbackCh1
                0x000000000800387e                HAL_DAC_DMAUnderrunCallbackCh1
                0x0000000008003880                HAL_DAC_IRQHandler
                0x00000000080038e0                HAL_DAC_ConfigChannel
                0x000000000800392a                HAL_DAC_SetValue
                0x0000000008003958                HAL_DAC_GetState
                0x000000000800395c                HAL_DAC_GetError
 .text          0x0000000008003960       0xd2 Drivers/STM32F4xx_HAL_Driver/Src/stm32f4xx_hal_dac_ex.o
                0x0000000008003960                HAL_DACEx_DualGetValue
                0x000000000800396c                HAL_DACEx_TriangleWaveGenerate
                0x00000000080039a6                HAL_DACEx_NoiseWaveGenerate
                0x00000000080039e0                HAL_DACEx_DualSetValue
                0x00000000080039f8                HAL_DACEx_ConvCpltCallbackCh2
                0x00000000080039fa                HAL_DACEx_ConvHalfCpltCallbackCh2
                0x00000000080039fc                HAL_DACEx_ErrorCallbackCh2
                0x00000000080039fe                HAL_DACEx_DMAUnderrunCallbackCh2
                0x0000000008003a00                DAC_DMAConvCpltCh2
                0x0000000008003a10                DAC_DMAHalfConvCpltCh2
                0x0000000008003a1a                DAC_DMAErrorCh2
 *fill*         0x0000000008003a32        0x2 
 .text          0x0000000008003a34      0x774 Drivers/STM32F4xx_HAL_Driver/Src/stm32f4xx_hal_dma.o
                0x0000000008003b2a                HAL_DMA_Init
                0x0000000008003bfc                HAL_DMA_DeInit
                0x0000000008003c62                HAL_DMA_Start
                0x0000000008003caa                HAL_DMA_Start_IT
                0x0000000008003d14                HAL_DMA_Abort
                0x0000000008003da8                HAL_DMA_Abort_IT
                0x0000000008003dce                HAL_DMA_PollForTransfer
                0x0000000008003ef4                HAL_DMA_IRQHandler
                0x00000000080040d0                HAL_DMA_RegisterCallback
                0x000000000800412e                HAL_DMA_UnRegisterCallback
                0x000000000800419e                HAL_DMA_GetState
                0x00000000080041a4                HAL_DMA_GetError
 .text          0x00000000080041a8      0xf84 Drivers/STM32F4xx_HAL_Driver/Src/stm32f4xx_hal_dma_ex.o
                0x00000000080041cc                HAL_DMAEx_MultiBufferStart
                0x000000000800422a                HAL_DMAEx_MultiBufferStart_IT
                0x000000000800511c                HAL_DMAEx_ChangeMemory
 .text          0x000000000800512c      0x280 Drivers/STM32F4xx_HAL_Driver/Src/stm32f4xx_hal_exti.o
                0x000000000800512c                HAL_EXTI_SetConfigLine
                0x0000000008005204                HAL_EXTI_GetConfigLine
                0x00000000080052b0                HAL_EXTI_ClearConfigLine
                0x000000000800532c                HAL_EXTI_RegisterCallback
                0x0000000008005338                HAL_EXTI_GetHandle
                0x0000000008005344                HAL_EXTI_IRQHandler
                0x0000000008005368                HAL_EXTI_GetPending
                0x0000000008005384                HAL_EXTI_ClearPending
                0x0000000008005398                HAL_EXTI_GenerateSWI
 .text          0x00000000080053ac      0x41c Drivers/STM32F4xx_HAL_Driver/Src/stm32f4xx_hal_flash.o
                0x00000000080054d0                HAL_FLASH_Program_IT
                0x0000000008005540                HAL_FLASH_EndOfOperationCallback
                0x0000000008005542                HAL_FLASH_OperationErrorCallback
                0x0000000008005544                HAL_FLASH_IRQHandler
                0x0000000008005638                HAL_FLASH_Unlock
                0x0000000008005668                HAL_FLASH_Lock
                0x000000000800567c                HAL_FLASH_OB_Unlock
                0x00000000080056a4                HAL_FLASH_OB_Lock
                0x00000000080056b8                HAL_FLASH_GetError
                0x00000000080056c4                FLASH_WaitForLastOperation
                0x0000000008005728                HAL_FLASH_Program
                0x00000000080057ac                HAL_FLASH_OB_Launch
 .text          0x00000000080057c8      0x374 Drivers/STM32F4xx_HAL_Driver/Src/stm32f4xx_hal_flash_ex.o
                0x00000000080058e4                HAL_FLASHEx_OBProgram
                0x0000000008005968                HAL_FLASHEx_OBGetConfig
                0x000000000800598a                FLASH_Erase_Sector
                0x00000000080059dc                HAL_FLASHEx_Erase_IT
                0x0000000008005a48                FLASH_FlushCaches
                0x0000000008005aa8                HAL_FLASHEx_Erase
 .text          0x0000000008005b3c        0x0 Drivers/STM32F4xx_HAL_Driver/Src/stm32f4xx_hal_flash_ramfunc.o
 .text          0x0000000008005b3c      0x388 Drivers/STM32F4xx_HAL_Driver/Src/stm32f4xx_hal_gpio.o
                0x0000000008005b3c                HAL_GPIO_Init
                0x0000000008005d18                HAL_GPIO_DeInit
                0x0000000008005e4c                HAL_GPIO_ReadPin
                0x0000000008005e5a                HAL_GPIO_WritePin
                0x0000000008005e66                HAL_GPIO_TogglePin
                0x0000000008005e78                HAL_GPIO_LockPin
                0x0000000008005ea6                HAL_GPIO_EXTI_Callback
                0x0000000008005ea8                HAL_GPIO_EXTI_IRQHandler
 .text          0x0000000008005ec4     0x3e2c Drivers/STM32F4xx_HAL_Driver/Src/stm32f4xx_hal_i2c.o
                0x000000000800694e                HAL_I2C_Init
                0x0000000008006b02                HAL_I2C_DeInit
                0x0000000008006b34                HAL_I2C_Master_Transmit
                0x0000000008006ca8                HAL_I2C_Master_Receive
                0x0000000008006f84                HAL_I2C_Slave_Transmit
                0x0000000008007120                HAL_I2C_Slave_Receive
                0x0000000008007298                HAL_I2C_Master_Transmit_IT
                0x0000000008007370                HAL_I2C_Master_Receive_IT
                0x0000000008007454                HAL_I2C_Slave_Transmit_IT
                0x00000000080074e4                HAL_I2C_Slave_Receive_IT
                0x0000000008007574                HAL_I2C_Master_Transmit_DMA
                0x00000000080076e4                HAL_I2C_Master_Receive_DMA
                0x0000000008007854                HAL_I2C_Slave_Transmit_DMA
                0x0000000008007940                HAL_I2C_Slave_Receive_DMA
                0x0000000008007a2c                HAL_I2C_Mem_Write
                0x0000000008007b94                HAL_I2C_Mem_Read
                0x0000000008007e70                HAL_I2C_Mem_Write_IT
                0x0000000008007f54                HAL_I2C_Mem_Read_IT
                0x000000000800804c                HAL_I2C_Mem_Write_DMA
                0x00000000080081d4                HAL_I2C_Mem_Read_DMA
                0x00000000080083a0                HAL_I2C_IsDeviceReady
                0x0000000008008538                HAL_I2C_Master_Seq_Transmit_IT
                0x0000000008008644                HAL_I2C_Master_Seq_Transmit_DMA
                0x0000000008008818                HAL_I2C_Master_Seq_Receive_IT
                0x0000000008008974                HAL_I2C_Master_Seq_Receive_DMA
                0x0000000008008bb4                HAL_I2C_Slave_Seq_Transmit_IT
                0x0000000008008c42                HAL_I2C_Slave_Seq_Transmit_DMA
                0x0000000008008dc0                HAL_I2C_Slave_Seq_Receive_IT
                0x0000000008008e4e                HAL_I2C_Slave_Seq_Receive_DMA
                0x0000000008008fcc                HAL_I2C_EnableListen_IT
                0x000000000800900a                HAL_I2C_DisableListen_IT
                0x000000000800904c                HAL_I2C_MasterTxCpltCallback
                0x000000000800904e                HAL_I2C_MasterRxCpltCallback
                0x0000000008009050                HAL_I2C_SlaveTxCpltCallback
                0x000000000800909e                HAL_I2C_SlaveRxCpltCallback
                0x00000000080090ec                HAL_I2C_AddrCallback
                0x000000000800913c                HAL_I2C_ListenCpltCallback
                0x00000000080091d0                HAL_I2C_MemTxCpltCallback
                0x0000000008009350                HAL_I2C_MemRxCpltCallback
                0x0000000008009520                HAL_I2C_ErrorCallback
                0x0000000008009688                HAL_I2C_AbortCpltCallback
                0x0000000008009894                HAL_I2C_Master_Abort_IT
                0x0000000008009a80                HAL_I2C_EV_IRQHandler
                0x0000000008009c18                HAL_I2C_ER_IRQHandler
                0x0000000008009cde                HAL_I2C_GetState
                0x0000000008009ce4                HAL_I2C_GetMode
                0x0000000008009cea                HAL_I2C_GetError
 .text          0x0000000008009cf0        0x0 Drivers/STM32F4xx_HAL_Driver/Src/stm32f4xx_hal_i2c_ex.o
 .text          0x0000000008009cf0      0xc34 Drivers/STM32F4xx_HAL_Driver/Src/stm32f4xx_hal_pcd.o
                0x0000000008009dc4                HAL_PCD_Init
                0x0000000008009ee8                HAL_PCD_Start
                0x0000000008009f2a                HAL_PCD_Stop
                0x0000000008009f6a                HAL_PCD_DeInit
                0x000000000800a108                HAL_PCD_IRQHandler
                0x000000000800a5a8                HAL_PCD_DevConnect
                0x000000000800a5e4                HAL_PCD_DevDisconnect
                0x000000000800a608                HAL_PCD_SetAddress
                0x000000000800a630                HAL_PCD_EP_Open
                0x000000000800a6b2                HAL_PCD_EP_Close
                0x000000000800a720                HAL_PCD_EP_Receive
                0x000000000800a77c                HAL_PCD_EP_GetRxCount
                0x000000000800a78e                HAL_PCD_EP_Transmit
                0x000000000800a7e2                HAL_PCD_EP_SetStall
                0x000000000800a864                HAL_PCD_EP_ClrStall
                0x000000000800a8d2                HAL_PCD_EP_Flush
                0x000000000800a908                HAL_PCD_ActivateRemoteWakeup
                0x000000000800a912                HAL_PCD_DeActivateRemoteWakeup
                0x000000000800a91c                HAL_PCD_GetState
 .text          0x000000000800a924       0x54 Drivers/STM32F4xx_HAL_Driver/Src/stm32f4xx_hal_pcd_ex.o
                0x000000000800a924                HAL_PCDEx_SetTxFiFo
                0x000000000800a96c                HAL_PCDEx_SetRxFiFo
                0x000000000800a974                HAL_PCDEx_LPM_Callback
                0x000000000800a976                HAL_PCDEx_BCD_Callback
 .text          0x000000000800a978      0x1c8 Drivers/STM32F4xx_HAL_Driver/Src/stm32f4xx_hal_pwr.o
                0x000000000800a978                HAL_PWR_DeInit
                0x000000000800a990                HAL_PWR_EnableBkUpAccess
                0x000000000800a99c                HAL_PWR_DisableBkUpAccess
                0x000000000800a9a8                HAL_PWR_ConfigPVD
                0x000000000800aa2c                HAL_PWR_EnablePVD
                0x000000000800aa38                HAL_PWR_DisablePVD
                0x000000000800aa44                HAL_PWR_EnableWakeUpPin
                0x000000000800aa54                HAL_PWR_DisableWakeUpPin
                0x000000000800aa64                HAL_PWR_EnterSLEEPMode
                0x000000000800aa84                HAL_PWR_EnterSTOPMode
                0x000000000800aabc                HAL_PWR_EnterSTANDBYMode
                0x000000000800aadc                HAL_PWR_PVDCallback
                0x000000000800aade                HAL_PWR_PVD_IRQHandler
                0x000000000800ab00                HAL_PWR_EnableSleepOnExit
                0x000000000800ab10                HAL_PWR_DisableSleepOnExit
                0x000000000800ab20                HAL_PWR_EnableSEVOnPend
                0x000000000800ab30                HAL_PWR_DisableSEVOnPend
 .text          0x000000000800ab40       0xf4 Drivers/STM32F4xx_HAL_Driver/Src/stm32f4xx_hal_pwr_ex.o
                0x000000000800ab40                HAL_PWREx_EnableBkUpReg
                0x000000000800ab74                HAL_PWREx_DisableBkUpReg
                0x000000000800aba8                HAL_PWREx_EnableFlashPowerDown
                0x000000000800abb4                HAL_PWREx_DisableFlashPowerDown
                0x000000000800abc0                HAL_PWREx_GetVoltageRange
                0x000000000800abd0                HAL_PWREx_ControlVoltageScaling
 .text          0x000000000800ac34      0x850 Drivers/STM32F4xx_HAL_Driver/Src/stm32f4xx_hal_rcc.o
                0x000000000800ac38                HAL_RCC_OscConfig
                0x000000000800b024                HAL_RCC_MCOConfig
                0x000000000800b0c0                HAL_RCC_EnableCSS
                0x000000000800b0cc                HAL_RCC_DisableCSS
                0x000000000800b0d8                HAL_RCC_GetSysClockFreq
                0x000000000800b1ac                HAL_RCC_ClockConfig
                0x000000000800b30c                HAL_RCC_GetHCLKFreq
                0x000000000800b318                HAL_RCC_GetPCLK1Freq
                0x000000000800b338                HAL_RCC_GetPCLK2Freq
                0x000000000800b358                HAL_RCC_GetOscConfig
                0x000000000800b424                HAL_RCC_GetClockConfig
                0x000000000800b460                HAL_RCC_CSSCallback
                0x000000000800b462                HAL_RCC_NMI_IRQHandler
 .text          0x000000000800b484      0x3d4 Drivers/STM32F4xx_HAL_Driver/Src/stm32f4xx_hal_rcc_ex.o
                0x000000000800b484                HAL_RCCEx_PeriphCLKConfig
                0x000000000800b5d8                HAL_RCCEx_GetPeriphCLKConfig
                0x000000000800b608                HAL_RCCEx_GetPeriphCLKFreq
                0x000000000800b67c                HAL_RCCEx_EnablePLLI2S
                0x000000000800b6e4                HAL_RCCEx_DisablePLLI2S
                0x000000000800b718                HAL_RCC_DeInit
 .text          0x000000000800b858     0x2760 Drivers/STM32F4xx_HAL_Driver/Src/stm32f4xx_hal_tim.o
                0x000000000800ba84                HAL_TIM_Base_DeInit
                0x000000000800babe                HAL_TIM_Base_Start
                0x000000000800bae2                HAL_TIM_Base_Stop
                0x000000000800bb10                HAL_TIM_Base_Start_IT
                0x000000000800bb32                HAL_TIM_Base_Stop_IT
                0x000000000800bb5e                HAL_TIM_Base_Start_DMA
                0x000000000800bbe0                HAL_TIM_Base_Stop_DMA
                0x000000000800bc1c                HAL_TIM_OC_MspInit
                0x000000000800bc1e                HAL_TIM_OC_MspDeInit
                0x000000000800bc20                HAL_TIM_OC_DeInit
                0x000000000800bc5a                HAL_TIM_PWM_MspInit
                0x000000000800bc5c                HAL_TIM_PWM_MspDeInit
                0x000000000800bc5e                HAL_TIM_PWM_DeInit
                0x000000000800bc98                HAL_TIM_IC_MspInit
                0x000000000800bc9a                HAL_TIM_IC_MspDeInit
                0x000000000800bc9c                HAL_TIM_IC_DeInit
                0x000000000800bcd6                HAL_TIM_OnePulse_MspInit
                0x000000000800bcd8                HAL_TIM_OnePulse_MspDeInit
                0x000000000800bcda                HAL_TIM_OnePulse_DeInit
                0x000000000800bd14                HAL_TIM_Encoder_MspInit
                0x000000000800bd16                HAL_TIM_Encoder_MspDeInit
                0x000000000800bd18                HAL_TIM_Encoder_DeInit
                0x000000000800bd52                HAL_TIM_DMABurst_WriteStart
                0x000000000800bf34                HAL_TIM_DMABurst_WriteStop
                0x000000000800bfae                HAL_TIM_DMABurst_ReadStart
                0x000000000800c190                HAL_TIM_DMABurst_ReadStop
                0x000000000800c20a                HAL_TIM_GenerateEvent
                0x000000000800c230                HAL_TIM_ConfigTI1Input
                0x000000000800c240                HAL_TIM_ReadCapturedValue
                0x000000000800c284                HAL_TIM_PeriodElapsedHalfCpltCallback
                0x000000000800c296                HAL_TIM_OC_DelayElapsedCallback
                0x000000000800c298                HAL_TIM_IC_CaptureCallback
                0x000000000800c29a                TIM_DMACaptureCplt
                0x000000000800c2e0                HAL_TIM_IC_CaptureHalfCpltCallback
                0x000000000800c2e2                TIM_DMACaptureHalfCplt
                0x000000000800c328                HAL_TIM_PWM_PulseFinishedCallback
                0x000000000800c32a                TIM_DMADelayPulseCplt
                0x000000000800c370                HAL_TIM_PWM_PulseFinishedHalfCpltCallback
                0x000000000800c372                TIM_DMADelayPulseHalfCplt
                0x000000000800c3b8                HAL_TIM_TriggerCallback
                0x000000000800c3ba                HAL_TIM_IRQHandler
                0x000000000800c544                HAL_TIM_TriggerHalfCpltCallback
                0x000000000800c556                HAL_TIM_ErrorCallback
                0x000000000800c558                TIM_DMAError
                0x000000000800c568                HAL_TIM_Base_GetState
                0x000000000800c56e                HAL_TIM_OC_GetState
                0x000000000800c574                HAL_TIM_PWM_GetState
                0x000000000800c57a                HAL_TIM_IC_GetState
                0x000000000800c580                HAL_TIM_OnePulse_GetState
                0x000000000800c586                HAL_TIM_Encoder_GetState
                0x000000000800c58c                TIM_Base_SetConfig
                0x000000000800c658                HAL_TIM_Base_Init
                0x000000000800c68a                HAL_TIM_OC_Init
                0x000000000800c6bc                HAL_TIM_PWM_Init
                0x000000000800c6ee                HAL_TIM_IC_Init
                0x000000000800c720                HAL_TIM_OnePulse_Init
                0x000000000800c766                HAL_TIM_Encoder_Init
                0x000000000800c802                TIM_OC2_SetConfig
                0x000000000800c878                HAL_TIM_OC_ConfigChannel
                0x000000000800c8d6                HAL_TIM_PWM_ConfigChannel
                0x000000000800c9b2                TIM_TI1_SetConfig
                0x000000000800ca4c                HAL_TIM_IC_ConfigChannel
                0x000000000800cb0c                HAL_TIM_OnePulse_ConfigChannel
                0x000000000800cbfe                TIM_ETR_SetConfig
                0x000000000800cc16                HAL_TIM_ConfigOCrefClear
                0x000000000800ccfa                HAL_TIM_ConfigClockSource
                0x000000000800ce5e                HAL_TIM_SlaveConfigSynchro
                0x000000000800ceb6                HAL_TIM_SlaveConfigSynchro_IT
                0x000000000800cf0e                TIM_CCxChannelCmd
                0x000000000800cf30                HAL_TIM_OC_Start
                0x000000000800cf7c                HAL_TIM_OC_Stop
                0x000000000800cfe8                HAL_TIM_OC_Start_IT
                0x000000000800d078                HAL_TIM_OC_Stop_IT
                0x000000000800d128                HAL_TIM_OC_Start_DMA
                0x000000000800d290                HAL_TIM_OC_Stop_DMA
                0x000000000800d360                HAL_TIM_PWM_Start
                0x000000000800d3ac                HAL_TIM_PWM_Stop
                0x000000000800d41c                HAL_TIM_PWM_Start_IT
                0x000000000800d4ac                HAL_TIM_PWM_Stop_IT
                0x000000000800d55c                HAL_TIM_PWM_Start_DMA
                0x000000000800d6c4                HAL_TIM_PWM_Stop_DMA
                0x000000000800d794                HAL_TIM_IC_Start
                0x000000000800d7b8                HAL_TIM_IC_Stop
                0x000000000800d7e6                HAL_TIM_IC_Start_IT
                0x000000000800d84e                HAL_TIM_IC_Stop_IT
                0x000000000800d8c0                HAL_TIM_IC_Start_DMA
                0x000000000800d9f4                HAL_TIM_IC_Stop_DMA
                0x000000000800da88                HAL_TIM_OnePulse_Start
                0x000000000800dacc                HAL_TIM_OnePulse_Stop
                0x000000000800db44                HAL_TIM_OnePulse_Start_IT
                0x000000000800db9c                HAL_TIM_OnePulse_Stop_IT
                0x000000000800dc28                HAL_TIM_Encoder_Start
                0x000000000800dc6c                HAL_TIM_Encoder_Stop
                0x000000000800dcc4                HAL_TIM_Encoder_Start_IT
                0x000000000800dd30                HAL_TIM_Encoder_Stop_IT
                0x000000000800ddb6                HAL_TIM_Encoder_Start_DMA
                0x000000000800df18                HAL_TIM_Encoder_Stop_DMA
 .text          0x000000000800dfb8      0xc5c Drivers/STM32F4xx_HAL_Driver/Src/stm32f4xx_hal_tim_ex.o
                0x000000000800dfda                HAL_TIMEx_HallSensor_MspInit
                0x000000000800dfdc                HAL_TIMEx_HallSensor_Init
                0x000000000800e09a                HAL_TIMEx_HallSensor_MspDeInit
                0x000000000800e09c                HAL_TIMEx_HallSensor_DeInit
                0x000000000800e0d6                HAL_TIMEx_HallSensor_Start
                0x000000000800e0fc                HAL_TIMEx_HallSensor_Stop
                0x000000000800e12c                HAL_TIMEx_HallSensor_Start_IT
                0x000000000800e15c                HAL_TIMEx_HallSensor_Stop_IT
                0x000000000800e196                HAL_TIMEx_HallSensor_Start_DMA
                0x000000000800e228                HAL_TIMEx_HallSensor_Stop_DMA
                0x000000000800e268                HAL_TIMEx_OCN_Start
                0x000000000800e296                HAL_TIMEx_OCN_Stop
                0x000000000800e2e2                HAL_TIMEx_OCN_Start_IT
                0x000000000800e348                HAL_TIMEx_OCN_Stop_IT
                0x000000000800e3d8                HAL_TIMEx_OCN_Start_DMA
                0x000000000800e4e4                HAL_TIMEx_OCN_Stop_DMA
                0x000000000800e57a                HAL_TIMEx_PWMN_Start
                0x000000000800e5a8                HAL_TIMEx_PWMN_Stop
                0x000000000800e5f4                HAL_TIMEx_PWMN_Start_IT
                0x000000000800e65a                HAL_TIMEx_PWMN_Stop_IT
                0x000000000800e6ea                HAL_TIMEx_PWMN_Start_DMA
                0x000000000800e7f4                HAL_TIMEx_PWMN_Stop_DMA
                0x000000000800e88a                HAL_TIMEx_OnePulseN_Start
                0x000000000800e8a4                HAL_TIMEx_OnePulseN_Stop
                0x000000000800e8f0                HAL_TIMEx_OnePulseN_Start_IT
                0x000000000800e91e                HAL_TIMEx_OnePulseN_Stop_IT
                0x000000000800e97e                HAL_TIMEx_ConfigCommutEvent
                0x000000000800e9f0                HAL_TIMEx_ConfigCommutEvent_IT
                0x000000000800ea62                HAL_TIMEx_ConfigCommutEvent_DMA
                0x000000000800eaf4                HAL_TIMEx_MasterConfigSynchronization
                0x000000000800eb7c                HAL_TIMEx_ConfigBreakDeadTime
                0x000000000800ebce                HAL_TIMEx_RemapConfig
                0x000000000800ebe8                HAL_TIMEx_CommutCallback
                0x000000000800ebea                TIMEx_DMACommutationCplt
                0x000000000800ebfa                HAL_TIMEx_CommutHalfCpltCallback
                0x000000000800ebfc                TIMEx_DMACommutationHalfCplt
                0x000000000800ec0c                HAL_TIMEx_BreakCallback
                0x000000000800ec0e                HAL_TIMEx_HallSensor_GetState
 .text          0x000000000800ec14     0x11ec Drivers/STM32F4xx_HAL_Driver/Src/stm32f4xx_ll_usb.o
                0x000000000800ec50                USB_CoreInit
                0x000000000800ecda                USB_SetTurnaroundTime
                0x000000000800edc8                USB_EnableGlobalInt
                0x000000000800edd4                USB_DisableGlobalInt
                0x000000000800ede0                USB_SetCurrentMode
                0x000000000800ee10                USB_FlushTxFifo
                0x000000000800ee38                USB_FlushRxFifo
                0x000000000800ee5c                USB_SetDevSpeed
                0x000000000800ee6a                USB_DevInit
                0x000000000800f008                USB_GetDevSpeed
                0x000000000800f02a                USB_ActivateEndpoint
                0x000000000800f0be                USB_ActivateDedicatedEndpoint
                0x000000000800f158                USB_DeactivateEndpoint
                0x000000000800f1e8                USB_DeactivateDedicatedEndpoint
                0x000000000800f244                USB_EP0StartXfer
                0x000000000800f360                USB_WritePacket
                0x000000000800f388                USB_EPStartXfer
                0x000000000800f5a4                USB_ReadPacket
                0x000000000800f5cc                USB_EPSetStall
                0x000000000800f626                USB_EPClearStall
                0x000000000800f682                USB_StopDevice
                0x000000000800f6ca                USB_SetDevAddress
                0x000000000800f6ea                USB_DevConnect
                0x000000000800f702                USB_DevDisconnect
                0x000000000800f71a                USB_ReadInterrupts
                0x000000000800f722                USB_ReadDevAllOutEpInterrupt
                0x000000000800f732                USB_ReadDevAllInEpInterrupt
                0x000000000800f742                USB_ReadDevOutEPInterrupt
                0x000000000800f754                USB_ReadDevInEPInterrupt
                0x000000000800f77a                USB_ClearInterrupts
                0x000000000800f782                USB_GetMode
                0x000000000800f78a                USB_ActivateSetup
                0x000000000800f7c2                USB_EP0_OutStart
                0x000000000800f820                USB_InitFSLSPClkSel
                0x000000000800f860                USB_ResetPort
                0x000000000800f89e                USB_DriveVbus
                0x000000000800f8e4                USB_HostInit
                0x000000000800f9e0                USB_GetHostSpeed
                0x000000000800f9f6                USB_GetCurrentFrame
                0x000000000800fa00                USB_HC_Init
                0x000000000800fb04                USB_HC_ReadInterrupt
                0x000000000800fb0e                USB_HC_Halt
                0x000000000800fbde                USB_DoPing
                0x000000000800fc00                USB_HC_StartXfer
                0x000000000800fd58                USB_StopHost
                0x000000000800fdd6                USB_ActivateRemoteWakeup
                0x000000000800fdf0                USB_DeActivateRemoteWakeup
 .text          0x000000000800fe00      0x32c Middlewares/ST/STM32_USB_Device_Library/Class/CDC/Src/usbd_cdc.o
                0x000000000800fe4c                USBD_CDC_GetDeviceQualifierDescriptor
                0x000000000801009c                USBD_CDC_RegisterInterface
                0x00000000080100aa                USBD_CDC_SetTxBuffer
                0x00000000080100ba                USBD_CDC_SetRxBuffer
                0x00000000080100c6                USBD_CDC_TransmitPacket
                0x00000000080100fa                USBD_CDC_ReceivePacket
 .text          0x000000000801012c      0x322 Middlewares/ST/STM32_USB_Device_Library/Core/Src/usbd_core.o
                0x000000000801012c                USBD_Init
                0x000000000801015a                USBD_DeInit
                0x000000000801017e                USBD_RegisterClass
                0x000000000801018c                USBD_Start
                0x0000000008010196                USBD_Stop
                0x00000000080101ae                USBD_RunTestMode
                0x00000000080101b2                USBD_SetClassConfig
                0x00000000080101cc                USBD_ClrClassConfig
                0x00000000080101da                USBD_LL_SetupStage
                0x0000000008010234                USBD_LL_DataOutStage
                0x00000000080102c8                USBD_LL_DataInStage
                0x000000000801039c                USBD_LL_Reset
                0x00000000080103ec                USBD_LL_SetSpeed
                0x00000000080103f2                USBD_LL_Suspend
                0x0000000008010404                USBD_LL_Resume
                0x0000000008010410                USBD_LL_SOF
                0x000000000801042c                USBD_LL_IsoINIncomplete
                0x0000000008010430                USBD_LL_IsoOUTIncomplete
                0x0000000008010434                USBD_LL_DevConnected
                0x0000000008010438                USBD_LL_DevDisconnected
 *fill*         0x000000000801044e        0x2 
 .text          0x0000000008010450      0x644 Middlewares/ST/STM32_USB_Device_Library/Core/Src/usbd_ctlreq.o
                0x0000000008010478                USBD_ParseSetupRequest
                0x00000000080104a0                USBD_CtlError
                0x000000000801078a                USBD_StdDevReq
                0x00000000080107f2                USBD_StdItfReq
                0x0000000008010852                USBD_StdEPReq
                0x0000000008010a5c                USBD_GetString
 .text          0x0000000008010a94       0x8c Middlewares/ST/STM32_USB_Device_Library/Core/Src/usbd_ioreq.o
                0x0000000008010a94                USBD_CtlSendData
                0x0000000008010aae                USBD_CtlContinueSendData
                0x0000000008010abe                USBD_CtlPrepareRx
                0x0000000008010adc                USBD_CtlContinueRx
                0x0000000008010aec                USBD_CtlSendStatus
                0x0000000008010b02                USBD_CtlReceiveStatus
                0x0000000008010b18                USBD_GetRxCount
 .text          0x0000000008010b20     0x16ec Middlewares/Third_Party/FreeRTOS/Source/CMSIS_RTOS_V2/cmsis_os2.o
                0x0000000008010b30                osKernelInitialize
                0x0000000008010b74                osKernelGetInfo
                0x0000000008010ba0                osKernelGetState
                0x0000000008010bc8                osKernelStart
                0x0000000008010c14                osKernelLock
                0x0000000008010c64                osKernelUnlock
                0x0000000008010cc8                osKernelRestoreLock
                0x0000000008010d3c                osKernelGetTickCount
                0x0000000008010d6c                osKernelGetTickFreq
                0x0000000008010d72                osKernelGetSysTimerCount
                0x0000000008010da8                osKernelGetSysTimerFreq
                0x0000000008010db4                osThreadNew
                0x0000000008010ea0                osThreadGetName
                0x0000000008010edc                osThreadGetId
                0x0000000008010f10                osThreadGetState
                0x0000000008010f74                osThreadGetStackSpace
                0x0000000008010fb0                osThreadGetStackSize
                0x0000000008010fb4                osThreadSetPriority
                0x000000000801100c                osThreadGetPriority
                0x0000000008011050                osThreadYield
                0x000000000801109c                osThreadSuspend
                0x00000000080110e0                osThreadResume
                0x0000000008011124                osThreadExit
                0x000000000801112e                osThreadTerminate
                0x0000000008011184                osThreadGetCount
                0x00000000080111b4                osThreadEnumerate
                0x000000000801123c                osThreadFlagsSet
                0x00000000080112d0                osThreadFlagsClear
                0x000000000801134c                osThreadFlagsGet
                0x0000000008011398                osThreadFlagsWait
                0x0000000008011464                osDelay
                0x00000000080114a8                osDelayUntil
                0x00000000080114f8                osTimerNew
                0x00000000080115b0                osTimerGetName
                0x00000000080115ec                osTimerStart
                0x0000000008011648                osTimerStop
                0x00000000080116b4                osTimerIsRunning
                0x00000000080116f0                osTimerDelete
                0x000000000801175c                osEventFlagsNew
                0x00000000080117cc                osEventFlagsSet
                0x0000000008011848                osEventFlagsClear
                0x00000000080118ac                osEventFlagsGet
                0x00000000080118e4                osEventFlagsWait
                0x0000000008011980                osEventFlagsDelete
                0x00000000080119c4                osMutexNew
                0x0000000008011a8c                osMutexAcquire
                0x0000000008011b0c                osMutexRelease
                0x0000000008011b80                osMutexGetOwner
                0x0000000008011bc0                osMutexDelete
                0x0000000008011c10                osSemaphoreNew
                0x0000000008011d00                osSemaphoreAcquire
                0x0000000008011d8c                osSemaphoreRelease
                0x0000000008011e0c                osSemaphoreGetCount
                0x0000000008011e40                osSemaphoreDelete
                0x0000000008011e8c                osMessageQueueNew
                0x0000000008011f54                osMessageQueuePut
                0x0000000008011ff8                osMessageQueueGet
                0x000000000801209c                osMessageQueueGetCapacity
                0x00000000080120a6                osMessageQueueGetMsgSize
                0x00000000080120b0                osMessageQueueGetCount
                0x00000000080120e4                osMessageQueueGetSpace
                0x0000000008012138                osMessageQueueReset
                0x0000000008012180                osMessageQueueDelete
                0x00000000080121ce                vApplicationGetIdleTaskMemory
                0x00000000080121ec                vApplicationGetTimerTaskMemory
 .text          0x000000000801220c        0x0 Middlewares/Third_Party/FreeRTOS/Source/croutine.o
 .text          0x000000000801220c      0x404 Middlewares/Third_Party/FreeRTOS/Source/event_groups.o
                0x0000000008012228                xEventGroupCreateStatic
                0x0000000008012272                xEventGroupCreate
                0x000000000801228e                xEventGroupWaitBits
                0x00000000080123a4                xEventGroupClearBits
                0x00000000080123ea                vEventGroupClearBitsCallback
                0x00000000080123f2                xEventGroupClearBitsFromISR
                0x0000000008012408                xEventGroupGetBitsFromISR
                0x0000000008012424                xEventGroupSetBits
                0x00000000080124c2                xEventGroupSync
                0x00000000080125a0                vEventGroupSetBitsCallback
                0x00000000080125a8                vEventGroupDelete
                0x00000000080125ec                xEventGroupSetBitsFromISR
                0x0000000008012600                uxEventGroupGetNumber
                0x000000000801260a                vEventGroupSetNumber
 .text          0x0000000008012610       0x90 Middlewares/Third_Party/FreeRTOS/Source/list.o
                0x0000000008012610                vListInitialise
                0x0000000008012626                vListInitialiseItem
                0x000000000801262c                vListInsertEnd
                0x0000000008012644                vListInsert
                0x0000000008012678                uxListRemove
 .text          0x00000000080126a0      0x390 Middlewares/Third_Party/FreeRTOS/Source/portable/GCC/ARM_CM4F/port.o
                0x0000000008012710                pxPortInitialiseStack
                0x000000000801273c                SVC_Handler
                0x0000000008012764                vPortEndScheduler
                0x0000000008012788                vPortEnterCritical
                0x00000000080127cc                vPortExitCritical
                0x00000000080127f8                PendSV_Handler
                0x0000000008012864                SysTick_Handler
                0x0000000008012890                vPortSetupTimerInterrupt
                0x00000000080128c8                xPortStartScheduler
                0x00000000080129d0                vPortValidateInterruptPriority
 .text          0x0000000008012a30      0x248 Middlewares/Third_Party/FreeRTOS/Source/portable/MemMang/heap_4.o
                0x0000000008012ae0                pvPortMalloc
                0x0000000008012bec                vPortFree
                0x0000000008012c5c                xPortGetFreeHeapSize
                0x0000000008012c68                xPortGetMinimumEverFreeHeapSize
                0x0000000008012c74                vPortInitialiseBlocks
 .text          0x0000000008012c78      0xee8 Middlewares/Third_Party/FreeRTOS/Source/queue.o
                0x0000000008012dca                xQueueGenericReset
                0x0000000008012e6e                xQueueGenericCreateStatic
                0x0000000008012f0e                xQueueGenericCreate
                0x0000000008012f5c                xQueueGetMutexHolder
                0x0000000008012f76                xQueueGetMutexHolderFromISR
                0x0000000008012f96                xQueueCreateCountingSemaphoreStatic
                0x0000000008012fe0                xQueueCreateCountingSemaphore
                0x0000000008013020                xQueueGenericSend
                0x00000000080131c0                xQueueCreateMutex
                0x00000000080131d6                xQueueCreateMutexStatic
                0x00000000080131f4                xQueueGiveMutexRecursive
                0x0000000008013234                xQueueGenericSendFromISR
                0x0000000008013312                xQueueGiveFromISR
                0x00000000080133ce                xQueueReceive
                0x000000000801352c                xQueueSemaphoreTake
                0x00000000080136d0                xQueueTakeMutexRecursive
                0x0000000008013714                xQueuePeek
                0x0000000008013870                xQueueReceiveFromISR
                0x0000000008013926                xQueuePeekFromISR
                0x00000000080139ae                uxQueueMessagesWaiting
                0x00000000080139d4                uxQueueSpacesAvailable
                0x00000000080139fe                uxQueueMessagesWaitingFromISR
                0x0000000008013a16                uxQueueGetQueueNumber
                0x0000000008013a1a                vQueueSetQueueNumber
                0x0000000008013a1e                ucQueueGetQueueType
                0x0000000008013a24                xQueueIsQueueEmptyFromISR
                0x0000000008013a44                xQueueIsQueueFullFromISR
                0x0000000008013a68                vQueueAddToRegistry
                0x0000000008013a90                pcQueueGetName
                0x0000000008013ab8                vQueueUnregisterQueue
                0x0000000008013ae4                vQueueDelete
                0x0000000008013b0e                vQueueWaitForMessageRestricted
 .text          0x0000000008013b60      0x826 Middlewares/Third_Party/FreeRTOS/Source/stream_buffer.o
                0x0000000008013d70                xStreamBufferGenericCreate
                0x0000000008013dc8                xStreamBufferGenericCreateStatic
                0x0000000008013e60                vStreamBufferDelete
                0x0000000008013e8e                xStreamBufferReset
                0x0000000008013ede                xStreamBufferSetTriggerLevel
                0x0000000008013f08                xStreamBufferSpacesAvailable
                0x0000000008013f32                xStreamBufferBytesAvailable
                0x0000000008013f4e                xStreamBufferSend
                0x0000000008014054                xStreamBufferSendFromISR
                0x00000000080140f6                xStreamBufferReceive
                0x00000000080141da                xStreamBufferReceiveFromISR
                0x0000000008014276                xStreamBufferIsEmpty
                0x000000000801429a                xStreamBufferIsFull
                0x00000000080142d2                xStreamBufferSendCompletedFromISR
                0x0000000008014324                xStreamBufferReceiveCompletedFromISR
                0x0000000008014376                uxStreamBufferGetStreamBufferNumber
                0x000000000801437a                vStreamBufferSetStreamBufferNumber
                0x000000000801437e                ucStreamBufferGetStreamBufferType
 *fill*         0x0000000008014386        0x2 
 .text          0x0000000008014388     0x1a10 Middlewares/Third_Party/FreeRTOS/Source/tasks.o
                0x00000000080146e6                xTaskCreateStatic
                0x0000000008014758                xTaskCreate
                0x00000000080147be                vTaskDelete
                0x0000000008014874                eTaskGetState
                0x00000000080148ec                uxTaskPriorityGet
                0x000000000801490c                uxTaskPriorityGetFromISR
                0x0000000008014940                vTaskPrioritySet
                0x0000000008014a20                vTaskResume
                0x0000000008014aa8                xTaskResumeFromISR
                0x0000000008014b50                vTaskStartScheduler
                0x0000000008014be8                vTaskEndScheduler
                0x0000000008014c0c                vTaskSuspendAll
                0x0000000008014c20                xTaskGetTickCount
                0x0000000008014c2c                xTaskGetTickCountFromISR
                0x0000000008014c40                uxTaskGetNumberOfTasks
                0x0000000008014c4c                pcTaskGetName
                0x0000000008014c74                xTaskIncrementTick
                0x0000000008014d88                xTaskResumeAll
                0x0000000008014e7c                vTaskDelayUntil
                0x0000000008014f28                vTaskDelay
                0x0000000008014f78                vTaskSwitchContext
                0x0000000008015044                vTaskSuspend
                0x0000000008015104                vTaskPlaceOnEventList
                0x0000000008015138                vTaskPlaceOnUnorderedEventList
                0x0000000008015194                vTaskPlaceOnEventListRestricted
                0x00000000080151d0                xTaskRemoveFromEventList
                0x0000000008015258                vTaskRemoveFromUnorderedEventList
                0x00000000080152dc                vTaskSetTimeOutState
                0x0000000008015310                vTaskInternalSetTimeOutState
                0x0000000008015324                xTaskCheckForTimeOut
                0x00000000080153a4                vTaskMissedYield
                0x00000000080153b4                uxTaskGetTaskNumber
                0x00000000080153be                vTaskSetTaskNumber
                0x00000000080153c4                vTaskGetInfo
                0x00000000080154a0                uxTaskGetSystemState
                0x000000000801554c                uxTaskGetStackHighWaterMark
                0x0000000008015568                xTaskGetCurrentTaskHandle
                0x0000000008015574                xTaskGetSchedulerState
                0x0000000008015594                xTaskPriorityInherit
                0x000000000801563c                xTaskPriorityDisinherit
                0x00000000080156d0                vTaskPriorityDisinheritAfterTimeout
                0x000000000801577c                vTaskList
                0x0000000008015860                vTaskGetRunTimeStats
                0x0000000008015928                uxTaskResetEventItemValue
                0x0000000008015948                pvTaskIncrementMutexHeldCount
                0x0000000008015968                ulTaskNotifyTake
                0x00000000080159ec                xTaskNotifyWait
                0x0000000008015a94                xTaskGenericNotify
                0x0000000008015b78                xTaskGenericNotifyFromISR
                0x0000000008015c98                vTaskNotifyGiveFromISR
                0x0000000008015d64                xTaskNotifyStateClear
 .text          0x0000000008015d98      0x648 Middlewares/Third_Party/FreeRTOS/Source/timers.o
                0x0000000008015e98                xTimerCreateTimerTask
                0x0000000008015f04                xTimerCreate
                0x0000000008015f3c                xTimerCreateStatic
                0x0000000008015f88                xTimerGenericCommand
                0x000000000801628e                xTimerGetTimerDaemonTaskHandle
                0x00000000080162b0                xTimerGetPeriod
                0x00000000080162c8                xTimerGetExpiryTime
                0x00000000080162e0                pcTimerGetName
                0x00000000080162f8                xTimerIsTimerActive
                0x0000000008016324                pvTimerGetTimerID
                0x000000000801634a                vTimerSetTimerID
                0x0000000008016370                xTimerPendFunctionCallFromISR
                0x0000000008016398                xTimerPendFunctionCall
                0x00000000080163d8                uxTimerGetTimerNumber
                0x00000000080163dc                vTimerSetTimerNumber
 .text          0x00000000080163e0       0x58 Source/Tasks/analog.o
                0x00000000080163e0                analogTask
 .text          0x0000000008016438      0x390 Source/Tasks/communication.o
                0x0000000008016438                packetReset
                0x0000000008016460                envelope_CDC_Transmit
                0x0000000008016500                communicationTask
 .text          0x00000000080167c8       0x14 Source/Timers/envelope.o
                0x00000000080167c8                envelopeTimeout
 .text          0x00000000080167dc       0x6c Source/Timers/heartbeat.o
                0x00000000080167dc                heartBeat
 .text          0x0000000008016848      0x768 Source/bmp280.o
                0x0000000008016a5e                bmp280_init_default_params
                0x0000000008016a70                bmp280_init
                0x0000000008016b9a                bmp280_force_measurement
                0x0000000008016bf0                bmp280_is_measuring
                0x0000000008016c36                bmp280_read_fixed
                0x0000000008016f40                bmp280_read_float
 .text          0x0000000008016fb0        0x0 Source/config.o
 .text          0x0000000008016fb0       0x2c Source/crc32.o
                0x0000000008016fb0                crc32
 .text          0x0000000008016fdc       0x48 Source/debug.o
                0x0000000008016fdc                _write
 .text          0x0000000008017024      0x1f4 Source/hub.o
                0x0000000008017024                hubTimeout
                0x000000000801705c                hubWatchDog
                0x0000000008017098                hubUpdate
                0x00000000080170ec                TIM1_UP_TIM10_IRQHandler
                0x0000000008017108                TIM1_CC_IRQHandler
 .text          0x0000000008017218      0x358 Source/hx711.o
                0x0000000008017218                TIM8_CC_IRQHandler
                0x0000000008017318                EXTI9_5_IRQHandler
                0x000000000801736c                HX711_Init
                0x000000000801739a                HX711_Value
                0x00000000080174f2                HX711_Average_Value
                0x000000000801752e                HX711_Tare
 .text          0x0000000008017570      0x374 Source/stepper.o
                0x0000000008017570                stepperHome
                0x0000000008017584                stepperAbs
                0x0000000008017586                stepperRel
                0x0000000008017754                stepperDelay
                0x0000000008017898                TIM5_IRQHandler
 .text          0x00000000080178e4       0x54 USB_DEVICE/App/usb_device.o
                0x00000000080178e4                MX_USB_DEVICE_Init
 .text          0x0000000008017938       0xe4 USB_DEVICE/App/usbd_cdc_if.o
                0x00000000080179c0                CDC_Transmit_FS
                0x00000000080179ec                packetReceive
                0x0000000008017a08                CDC_Transmit_Busy
 .text          0x0000000008017a1c      0x120 USB_DEVICE/App/usbd_desc.o
                0x0000000008017a1c                USBD_FS_DeviceDescriptor
                0x0000000008017a28                USBD_FS_LangIDStrDescriptor
                0x0000000008017aa0                USBD_FS_SerialStrDescriptor
                0x0000000008017ab4                USBD_FS_ProductStrDescriptor
                0x0000000008017ad8                USBD_FS_ManufacturerStrDescriptor
                0x0000000008017af4                USBD_FS_ConfigStrDescriptor
                0x0000000008017b18                USBD_FS_InterfaceStrDescriptor
 .text          0x0000000008017b3c      0x308 USB_DEVICE/Target/usbd_conf.o
                0x0000000008017b3c                HAL_PCD_MspInit
                0x0000000008017bc0                HAL_PCD_MspDeInit
                0x0000000008017bf0                HAL_PCD_SetupStageCallback
                0x0000000008017c00                HAL_PCD_DataOutStageCallback
                0x0000000008017c18                HAL_PCD_DataInStageCallback
                0x0000000008017c2e                HAL_PCD_SOFCallback
                0x0000000008017c3a                HAL_PCD_ResetCallback
                0x0000000008017c66                HAL_PCD_SuspendCallback
                0x0000000008017c94                HAL_PCD_ResumeCallback
                0x0000000008017ca0                HAL_PCD_ISOOUTIncompleteCallback
                0x0000000008017cac                HAL_PCD_ISOINIncompleteCallback
                0x0000000008017cb8                HAL_PCD_ConnectCallback
                0x0000000008017cc4                HAL_PCD_DisconnectCallback
                0x0000000008017cd0                USBD_LL_Init
                0x0000000008017d38                USBD_LL_IsStallEP
                0x0000000008017d66                USBD_LL_GetRxDataSize
                0x0000000008017d72                USBD_LL_Delay
                0x0000000008017d7a                USBD_Get_USB_Status
                0x0000000008017d8c                USBD_LL_DeInit
                0x0000000008017d9c                USBD_LL_Start
                0x0000000008017dac                USBD_LL_Stop
                0x0000000008017dbc                USBD_LL_OpenEP
                0x0000000008017dd2                USBD_LL_CloseEP
                0x0000000008017de2                USBD_LL_FlushEP
                0x0000000008017df2                USBD_LL_StallEP
                0x0000000008017e02                USBD_LL_ClearStallEP
                0x0000000008017e12                USBD_LL_SetUSBAddress
                0x0000000008017e22                USBD_LL_Transmit
                0x0000000008017e32                USBD_LL_PrepareReceive
 .text          0x0000000008017e44       0x14 startup/startup_stm32f407xx.o
 .text          0x0000000008017e58        0x0 /opt/Atollic_TrueSTUDIO_for_STM32_x86_64_9.3.0/ARMTools/bin/../lib/gcc/arm-atollic-eabi/6.3.1/../../../../arm-atollic-eabi/lib/armv7e-m/fpu/libc.a(lib_a-errno.o)
 .text          0x0000000008017e58        0x0 /opt/Atollic_TrueSTUDIO_for_STM32_x86_64_9.3.0/ARMTools/bin/../lib/gcc/arm-atollic-eabi/6.3.1/../../../../arm-atollic-eabi/lib/armv7e-m/fpu/libc.a(lib_a-impure.o)
 .text          0x0000000008017e58        0x0 /opt/Atollic_TrueSTUDIO_for_STM32_x86_64_9.3.0/ARMTools/bin/../lib/gcc/arm-atollic-eabi/6.3.1/../../../../arm-atollic-eabi/lib/armv7e-m/fpu/libc.a(lib_a-init.o)
 .text          0x0000000008017e58        0x0 /opt/Atollic_TrueSTUDIO_for_STM32_x86_64_9.3.0/ARMTools/bin/../lib/gcc/arm-atollic-eabi/6.3.1/../../../../arm-atollic-eabi/lib/armv7e-m/fpu/libc.a(lib_a-malloc.o)
 .text          0x0000000008017e58        0x0 /opt/Atollic_TrueSTUDIO_for_STM32_x86_64_9.3.0/ARMTools/bin/../lib/gcc/arm-atollic-eabi/6.3.1/../../../../arm-atollic-eabi/lib/armv7e-m/fpu/libc.a(lib_a-mallocr.o)
 .text          0x0000000008017e58        0x0 /opt/Atollic_TrueSTUDIO_for_STM32_x86_64_9.3.0/ARMTools/bin/../lib/gcc/arm-atollic-eabi/6.3.1/../../../../arm-atollic-eabi/lib/armv7e-m/fpu/libc.a(lib_a-memcpy-stub.o)
 .text          0x0000000008017e58        0x0 /opt/Atollic_TrueSTUDIO_for_STM32_x86_64_9.3.0/ARMTools/bin/../lib/gcc/arm-atollic-eabi/6.3.1/../../../../arm-atollic-eabi/lib/armv7e-m/fpu/libc.a(lib_a-memset.o)
 .text          0x0000000008017e58        0x0 /opt/Atollic_TrueSTUDIO_for_STM32_x86_64_9.3.0/ARMTools/bin/../lib/gcc/arm-atollic-eabi/6.3.1/../../../../arm-atollic-eabi/lib/armv7e-m/fpu/libc.a(lib_a-mlock.o)
 .text          0x0000000008017e58        0x0 /opt/Atollic_TrueSTUDIO_for_STM32_x86_64_9.3.0/ARMTools/bin/../lib/gcc/arm-atollic-eabi/6.3.1/../../../../arm-atollic-eabi/lib/armv7e-m/fpu/libc.a(lib_a-sbrkr.o)
 .text          0x0000000008017e58        0x0 /opt/Atollic_TrueSTUDIO_for_STM32_x86_64_9.3.0/ARMTools/bin/../lib/gcc/arm-atollic-eabi/6.3.1/../../../../arm-atollic-eabi/lib/armv7e-m/fpu/libc.a(lib_a-sprintf.o)
 .text          0x0000000008017e58        0x0 /opt/Atollic_TrueSTUDIO_for_STM32_x86_64_9.3.0/ARMTools/bin/../lib/gcc/arm-atollic-eabi/6.3.1/../../../../arm-atollic-eabi/lib/armv7e-m/fpu/libc.a(lib_a-strcpy.o)
 .text          0x0000000008017e58       0x10 /opt/Atollic_TrueSTUDIO_for_STM32_x86_64_9.3.0/ARMTools/bin/../lib/gcc/arm-atollic-eabi/6.3.1/../../../../arm-atollic-eabi/lib/armv7e-m/fpu/libc.a(lib_a-strlen.o)
                0x0000000008017e58                strlen
 .text          0x0000000008017e68        0x0 /opt/Atollic_TrueSTUDIO_for_STM32_x86_64_9.3.0/ARMTools/bin/../lib/gcc/arm-atollic-eabi/6.3.1/../../../../arm-atollic-eabi/lib/armv7e-m/fpu/libc.a(lib_a-svfprintf.o)
 .text          0x0000000008017e68        0x0 /opt/Atollic_TrueSTUDIO_for_STM32_x86_64_9.3.0/ARMTools/bin/../lib/gcc/arm-atollic-eabi/6.3.1/../../../../arm-atollic-eabi/lib/armv7e-m/fpu/libc.a(lib_a-dtoa.o)
 .text          0x0000000008017e68        0x0 /opt/Atollic_TrueSTUDIO_for_STM32_x86_64_9.3.0/ARMTools/bin/../lib/gcc/arm-atollic-eabi/6.3.1/../../../../arm-atollic-eabi/lib/armv7e-m/fpu/libc.a(lib_a-freer.o)
 .text          0x0000000008017e68        0x0 /opt/Atollic_TrueSTUDIO_for_STM32_x86_64_9.3.0/ARMTools/bin/../lib/gcc/arm-atollic-eabi/6.3.1/../../../../arm-atollic-eabi/lib/armv7e-m/fpu/libc.a(lib_a-localeconv.o)
 .text          0x0000000008017e68        0x0 /opt/Atollic_TrueSTUDIO_for_STM32_x86_64_9.3.0/ARMTools/bin/../lib/gcc/arm-atollic-eabi/6.3.1/../../../../arm-atollic-eabi/lib/armv7e-m/fpu/libc.a(lib_a-lock.o)
 *fill*         0x0000000008017e68        0x8 
 .text          0x0000000008017e70       0xa0 /opt/Atollic_TrueSTUDIO_for_STM32_x86_64_9.3.0/ARMTools/bin/../lib/gcc/arm-atollic-eabi/6.3.1/../../../../arm-atollic-eabi/lib/armv7e-m/fpu/libc.a(lib_a-memchr.o)
                0x0000000008017e70                memchr
 .text          0x0000000008017f10        0x0 /opt/Atollic_TrueSTUDIO_for_STM32_x86_64_9.3.0/ARMTools/bin/../lib/gcc/arm-atollic-eabi/6.3.1/../../../../arm-atollic-eabi/lib/armv7e-m/fpu/libc.a(lib_a-mprec.o)
 .text          0x0000000008017f10        0x0 /opt/Atollic_TrueSTUDIO_for_STM32_x86_64_9.3.0/ARMTools/bin/../lib/gcc/arm-atollic-eabi/6.3.1/../../../../arm-atollic-eabi/lib/armv7e-m/fpu/libc.a(lib_a-reent.o)
 .text          0x0000000008017f10        0x0 /opt/Atollic_TrueSTUDIO_for_STM32_x86_64_9.3.0/ARMTools/bin/../lib/gcc/arm-atollic-eabi/6.3.1/../../../../arm-atollic-eabi/lib/armv7e-m/fpu/libc.a(lib_a-svfiprintf.o)
 .text          0x0000000008017f10        0x0 /opt/Atollic_TrueSTUDIO_for_STM32_x86_64_9.3.0/ARMTools/bin/../lib/gcc/arm-atollic-eabi/6.3.1/../../../../arm-atollic-eabi/lib/armv7e-m/fpu/libc.a(lib_a-callocr.o)
 .text          0x0000000008017f10        0x0 /opt/Atollic_TrueSTUDIO_for_STM32_x86_64_9.3.0/ARMTools/bin/../lib/gcc/arm-atollic-eabi/6.3.1/../../../../arm-atollic-eabi/lib/armv7e-m/fpu/libc.a(lib_a-locale.o)
 .text          0x0000000008017f10        0x0 /opt/Atollic_TrueSTUDIO_for_STM32_x86_64_9.3.0/ARMTools/bin/../lib/gcc/arm-atollic-eabi/6.3.1/../../../../arm-atollic-eabi/lib/armv7e-m/fpu/libc.a(lib_a-mbtowc_r.o)
 .text          0x0000000008017f10        0x0 /opt/Atollic_TrueSTUDIO_for_STM32_x86_64_9.3.0/ARMTools/bin/../lib/gcc/arm-atollic-eabi/6.3.1/../../../../arm-atollic-eabi/lib/armv7e-m/fpu/libc.a(lib_a-memmove.o)
 .text          0x0000000008017f10        0x0 /opt/Atollic_TrueSTUDIO_for_STM32_x86_64_9.3.0/ARMTools/bin/../lib/gcc/arm-atollic-eabi/6.3.1/../../../../arm-atollic-eabi/lib/armv7e-m/fpu/libc.a(lib_a-reallocr.o)
 .text          0x0000000008017f10       0x14 /opt/Atollic_TrueSTUDIO_for_STM32_x86_64_9.3.0/ARMTools/bin/../lib/gcc/arm-atollic-eabi/6.3.1/../../../../arm-atollic-eabi/lib/armv7e-m/fpu/libc.a(lib_a-strcmp.o)
                0x0000000008017f10                strcmp
 .text          0x0000000008017f24        0x0 /opt/Atollic_TrueSTUDIO_for_STM32_x86_64_9.3.0/ARMTools/bin/../lib/gcc/arm-atollic-eabi/6.3.1/../../../../arm-atollic-eabi/lib/armv7e-m/fpu/libc.a(lib_a-wctomb_r.o)
 .text          0x0000000008017f24        0x0 /opt/Atollic_TrueSTUDIO_for_STM32_x86_64_9.3.0/ARMTools/bin/../lib/gcc/arm-atollic-eabi/6.3.1/../../../../arm-atollic-eabi/lib/armv7e-m/fpu/libc.a(lib_a-ctype_.o)
 .text          0x0000000008017f24        0x0 /opt/Atollic_TrueSTUDIO_for_STM32_x86_64_9.3.0/ARMTools/bin/../lib/gcc/arm-atollic-eabi/6.3.1/../../../../arm-atollic-eabi/lib/armv7e-m/fpu/libm.a(lib_a-w_sqrt.o)
 .text          0x0000000008017f24        0x0 /opt/Atollic_TrueSTUDIO_for_STM32_x86_64_9.3.0/ARMTools/bin/../lib/gcc/arm-atollic-eabi/6.3.1/../../../../arm-atollic-eabi/lib/armv7e-m/fpu/libm.a(lib_a-e_sqrt.o)
 .text          0x0000000008017f24        0x0 /opt/Atollic_TrueSTUDIO_for_STM32_x86_64_9.3.0/ARMTools/bin/../lib/gcc/arm-atollic-eabi/6.3.1/../../../../arm-atollic-eabi/lib/armv7e-m/fpu/libm.a(lib_a-s_lib_ver.o)
 .text          0x0000000008017f24        0x0 /opt/Atollic_TrueSTUDIO_for_STM32_x86_64_9.3.0/ARMTools/bin/../lib/gcc/arm-atollic-eabi/6.3.1/../../../../arm-atollic-eabi/lib/armv7e-m/fpu/libm.a(lib_a-s_matherr.o)
 .text          0x0000000008017f24      0x370 /opt/Atollic_TrueSTUDIO_for_STM32_x86_64_9.3.0/ARMTools/bin/../lib/gcc/arm-atollic-eabi/6.3.1/armv7e-m/fpu/libgcc.a(_arm_addsubdf3.o)
                0x0000000008017f24                __aeabi_drsub
                0x0000000008017f2c                __aeabi_dsub
                0x0000000008017f2c                __subdf3
                0x0000000008017f30                __adddf3
                0x0000000008017f30                __aeabi_dadd
                0x00000000080181a8                __aeabi_ui2d
                0x00000000080181a8                __floatunsidf
                0x00000000080181c8                __floatsidf
                0x00000000080181c8                __aeabi_i2d
                0x00000000080181ec                __extendsfdf2
                0x00000000080181ec                __aeabi_f2d
                0x0000000008018228                __aeabi_ul2d
                0x0000000008018228                __floatundidf
                0x0000000008018238                __floatdidf
                0x0000000008018238                __aeabi_l2d
 .text          0x0000000008018294      0x424 /opt/Atollic_TrueSTUDIO_for_STM32_x86_64_9.3.0/ARMTools/bin/../lib/gcc/arm-atollic-eabi/6.3.1/armv7e-m/fpu/libgcc.a(_arm_muldivdf3.o)
                0x0000000008018294                __aeabi_dmul
                0x0000000008018294                __muldf3
                0x00000000080184e8                __aeabi_ddiv
                0x00000000080184e8                __divdf3
 .text          0x00000000080186b8      0x110 /opt/Atollic_TrueSTUDIO_for_STM32_x86_64_9.3.0/ARMTools/bin/../lib/gcc/arm-atollic-eabi/6.3.1/armv7e-m/fpu/libgcc.a(_arm_cmpdf2.o)
                0x00000000080186b8                __gtdf2
                0x00000000080186b8                __gedf2
                0x00000000080186c0                __ltdf2
                0x00000000080186c0                __ledf2
                0x00000000080186c8                __cmpdf2
                0x00000000080186c8                __eqdf2
                0x00000000080186c8                __nedf2
                0x0000000008018744                __aeabi_cdrcmple
                0x0000000008018754                __aeabi_cdcmple
                0x0000000008018754                __aeabi_cdcmpeq
                0x0000000008018764                __aeabi_dcmpeq
                0x0000000008018778                __aeabi_dcmplt
                0x000000000801878c                __aeabi_dcmple
                0x00000000080187a0                __aeabi_dcmpge
                0x00000000080187b4                __aeabi_dcmpgt
 .text          0x00000000080187c8       0x2c /opt/Atollic_TrueSTUDIO_for_STM32_x86_64_9.3.0/ARMTools/bin/../lib/gcc/arm-atollic-eabi/6.3.1/armv7e-m/fpu/libgcc.a(_arm_unorddf2.o)
                0x00000000080187c8                __aeabi_dcmpun
                0x00000000080187c8                __unorddf2
 .text          0x00000000080187f4       0x50 /opt/Atollic_TrueSTUDIO_for_STM32_x86_64_9.3.0/ARMTools/bin/../lib/gcc/arm-atollic-eabi/6.3.1/armv7e-m/fpu/libgcc.a(_arm_fixdfsi.o)
                0x00000000080187f4                __fixdfsi
                0x00000000080187f4                __aeabi_d2iz
 .text          0x0000000008018844       0xa0 /opt/Atollic_TrueSTUDIO_for_STM32_x86_64_9.3.0/ARMTools/bin/../lib/gcc/arm-atollic-eabi/6.3.1/armv7e-m/fpu/libgcc.a(_aeabi_ldivmod.o)
                0x0000000008018844                __aeabi_ldivmod
 .text          0x00000000080188e4       0x30 /opt/Atollic_TrueSTUDIO_for_STM32_x86_64_9.3.0/ARMTools/bin/../lib/gcc/arm-atollic-eabi/6.3.1/armv7e-m/fpu/libgcc.a(_aeabi_uldivmod.o)
                0x00000000080188e4                __aeabi_uldivmod
 .text          0x0000000008018914      0x2dc /opt/Atollic_TrueSTUDIO_for_STM32_x86_64_9.3.0/ARMTools/bin/../lib/gcc/arm-atollic-eabi/6.3.1/armv7e-m/fpu/libgcc.a(_udivmoddi4.o)
                0x0000000008018914                __udivmoddi4
 .text          0x0000000008018bf0        0x4 /opt/Atollic_TrueSTUDIO_for_STM32_x86_64_9.3.0/ARMTools/bin/../lib/gcc/arm-atollic-eabi/6.3.1/armv7e-m/fpu/libgcc.a(_dvmd_tls.o)
                0x0000000008018bf0                __aeabi_ldiv0
                0x0000000008018bf0                __aeabi_idiv0
 .text          0x0000000008018bf4        0x0 /opt/Atollic_TrueSTUDIO_for_STM32_x86_64_9.3.0/ARMTools/bin/../lib/gcc/arm-atollic-eabi/6.3.1/armv7e-m/fpu/crtend.o
 .text          0x0000000008018bf4        0x0 /opt/Atollic_TrueSTUDIO_for_STM32_x86_64_9.3.0/ARMTools/bin/../lib/gcc/arm-atollic-eabi/6.3.1/armv7e-m/fpu/crtn.o
 *(.text*)
 .text.Reset_Handler
                0x0000000008018bf4       0x50 startup/startup_stm32f407xx.o
                0x0000000008018bf4                Reset_Handler
 .text.Default_Handler
                0x0000000008018c44        0x2 startup/startup_stm32f407xx.o
                0x0000000008018c44                RTC_Alarm_IRQHandler
                0x0000000008018c44                HASH_RNG_IRQHandler
                0x0000000008018c44                EXTI2_IRQHandler
                0x0000000008018c44                DMA2_Stream5_IRQHandler
                0x0000000008018c44                DMA1_Stream5_IRQHandler
                0x0000000008018c44                PVD_IRQHandler
                0x0000000008018c44                SDIO_IRQHandler
                0x0000000008018c44                TAMP_STAMP_IRQHandler
                0x0000000008018c44                CAN2_RX1_IRQHandler
                0x0000000008018c44                EXTI3_IRQHandler
                0x0000000008018c44                TIM8_TRG_COM_TIM14_IRQHandler
                0x0000000008018c44                TIM8_UP_TIM13_IRQHandler
                0x0000000008018c44                I2C3_ER_IRQHandler
                0x0000000008018c44                EXTI0_IRQHandler
                0x0000000008018c44                I2C2_EV_IRQHandler
                0x0000000008018c44                DMA1_Stream2_IRQHandler
                0x0000000008018c44                CAN1_RX0_IRQHandler
                0x0000000008018c44                FPU_IRQHandler
                0x0000000008018c44                OTG_HS_WKUP_IRQHandler
                0x0000000008018c44                CAN2_SCE_IRQHandler
                0x0000000008018c44                DMA2_Stream2_IRQHandler
                0x0000000008018c44                SPI1_IRQHandler
                0x0000000008018c44                TIM1_BRK_TIM9_IRQHandler
                0x0000000008018c44                DCMI_IRQHandler
                0x0000000008018c44                CAN2_RX0_IRQHandler
                0x0000000008018c44                DMA2_Stream3_IRQHandler
                0x0000000008018c44                USART6_IRQHandler
                0x0000000008018c44                USART3_IRQHandler
                0x0000000008018c44                CAN1_RX1_IRQHandler
                0x0000000008018c44                UART5_IRQHandler
                0x0000000008018c44                TIM4_IRQHandler
                0x0000000008018c44                I2C1_EV_IRQHandler
                0x0000000008018c44                DMA1_Stream6_IRQHandler
                0x0000000008018c44                DMA1_Stream1_IRQHandler
                0x0000000008018c44                UART4_IRQHandler
                0x0000000008018c44                TIM3_IRQHandler
                0x0000000008018c44                RCC_IRQHandler
                0x0000000008018c44                TIM8_BRK_TIM12_IRQHandler
                0x0000000008018c44                Default_Handler
                0x0000000008018c44                EXTI15_10_IRQHandler
                0x0000000008018c44                ADC_IRQHandler
                0x0000000008018c44                DMA1_Stream7_IRQHandler
                0x0000000008018c44                TIM7_IRQHandler
                0x0000000008018c44                CAN2_TX_IRQHandler
                0x0000000008018c44                DMA2_Stream7_IRQHandler
                0x0000000008018c44                I2C3_EV_IRQHandler
                0x0000000008018c44                RTC_WKUP_IRQHandler
                0x0000000008018c44                ETH_WKUP_IRQHandler
                0x0000000008018c44                SPI2_IRQHandler
                0x0000000008018c44                OTG_HS_EP1_IN_IRQHandler
                0x0000000008018c44                DMA1_Stream0_IRQHandler
                0x0000000008018c44                CAN1_TX_IRQHandler
                0x0000000008018c44                EXTI4_IRQHandler
                0x0000000008018c44                FSMC_IRQHandler
                0x0000000008018c44                ETH_IRQHandler
                0x0000000008018c44                OTG_HS_EP1_OUT_IRQHandler
                0x0000000008018c44                WWDG_IRQHandler
                0x0000000008018c44                TIM2_IRQHandler
                0x0000000008018c44                OTG_FS_WKUP_IRQHandler
                0x0000000008018c44                TIM1_TRG_COM_TIM11_IRQHandler
                0x0000000008018c44                OTG_HS_IRQHandler
                0x0000000008018c44                EXTI1_IRQHandler
                0x0000000008018c44                USART2_IRQHandler
                0x0000000008018c44                I2C2_ER_IRQHandler
                0x0000000008018c44                DMA2_Stream1_IRQHandler
                0x0000000008018c44                CAN1_SCE_IRQHandler
                0x0000000008018c44                FLASH_IRQHandler
                0x0000000008018c44                DMA2_Stream4_IRQHandler
                0x0000000008018c44                USART1_IRQHandler
                0x0000000008018c44                SPI3_IRQHandler
                0x0000000008018c44                DMA1_Stream4_IRQHandler
                0x0000000008018c44                I2C1_ER_IRQHandler
                0x0000000008018c44                DMA2_Stream6_IRQHandler
                0x0000000008018c44                DMA1_Stream3_IRQHandler
 *fill*         0x0000000008018c46        0x2 
 .text.__errno  0x0000000008018c48        0xc /opt/Atollic_TrueSTUDIO_for_STM32_x86_64_9.3.0/ARMTools/bin/../lib/gcc/arm-atollic-eabi/6.3.1/../../../../arm-atollic-eabi/lib/armv7e-m/fpu/libc.a(lib_a-errno.o)
                0x0000000008018c48                __errno
 .text.__libc_init_array
                0x0000000008018c54       0x48 /opt/Atollic_TrueSTUDIO_for_STM32_x86_64_9.3.0/ARMTools/bin/../lib/gcc/arm-atollic-eabi/6.3.1/../../../../arm-atollic-eabi/lib/armv7e-m/fpu/libc.a(lib_a-init.o)
                0x0000000008018c54                __libc_init_array
 .text.malloc   0x0000000008018c9c       0x10 /opt/Atollic_TrueSTUDIO_for_STM32_x86_64_9.3.0/ARMTools/bin/../lib/gcc/arm-atollic-eabi/6.3.1/../../../../arm-atollic-eabi/lib/armv7e-m/fpu/libc.a(lib_a-malloc.o)
                0x0000000008018c9c                malloc
 .text.free     0x0000000008018cac       0x10 /opt/Atollic_TrueSTUDIO_for_STM32_x86_64_9.3.0/ARMTools/bin/../lib/gcc/arm-atollic-eabi/6.3.1/../../../../arm-atollic-eabi/lib/armv7e-m/fpu/libc.a(lib_a-malloc.o)
                0x0000000008018cac                free
 .text._malloc_r
                0x0000000008018cbc      0x41c /opt/Atollic_TrueSTUDIO_for_STM32_x86_64_9.3.0/ARMTools/bin/../lib/gcc/arm-atollic-eabi/6.3.1/../../../../arm-atollic-eabi/lib/armv7e-m/fpu/libc.a(lib_a-mallocr.o)
                0x0000000008018cbc                _malloc_r
 .text.memcpy   0x00000000080190d8       0x16 /opt/Atollic_TrueSTUDIO_for_STM32_x86_64_9.3.0/ARMTools/bin/../lib/gcc/arm-atollic-eabi/6.3.1/../../../../arm-atollic-eabi/lib/armv7e-m/fpu/libc.a(lib_a-memcpy-stub.o)
                0x00000000080190d8                memcpy
 .text.memset   0x00000000080190ee       0x10 /opt/Atollic_TrueSTUDIO_for_STM32_x86_64_9.3.0/ARMTools/bin/../lib/gcc/arm-atollic-eabi/6.3.1/../../../../arm-atollic-eabi/lib/armv7e-m/fpu/libc.a(lib_a-memset.o)
                0x00000000080190ee                memset
 *fill*         0x00000000080190fe        0x2 
 .text.__malloc_lock
                0x0000000008019100        0xc /opt/Atollic_TrueSTUDIO_for_STM32_x86_64_9.3.0/ARMTools/bin/../lib/gcc/arm-atollic-eabi/6.3.1/../../../../arm-atollic-eabi/lib/armv7e-m/fpu/libc.a(lib_a-mlock.o)
                0x0000000008019100                __malloc_lock
 .text.__malloc_unlock
                0x000000000801910c        0xc /opt/Atollic_TrueSTUDIO_for_STM32_x86_64_9.3.0/ARMTools/bin/../lib/gcc/arm-atollic-eabi/6.3.1/../../../../arm-atollic-eabi/lib/armv7e-m/fpu/libc.a(lib_a-mlock.o)
                0x000000000801910c                __malloc_unlock
 .text._sbrk_r  0x0000000008019118       0x20 /opt/Atollic_TrueSTUDIO_for_STM32_x86_64_9.3.0/ARMTools/bin/../lib/gcc/arm-atollic-eabi/6.3.1/../../../../arm-atollic-eabi/lib/armv7e-m/fpu/libc.a(lib_a-sbrkr.o)
                0x0000000008019118                _sbrk_r
 .text._sprintf_r
                0x0000000008019138       0x40 /opt/Atollic_TrueSTUDIO_for_STM32_x86_64_9.3.0/ARMTools/bin/../lib/gcc/arm-atollic-eabi/6.3.1/../../../../arm-atollic-eabi/lib/armv7e-m/fpu/libc.a(lib_a-sprintf.o)
                0x0000000008019138                _sprintf_r
 .text.sprintf  0x0000000008019178       0x48 /opt/Atollic_TrueSTUDIO_for_STM32_x86_64_9.3.0/ARMTools/bin/../lib/gcc/arm-atollic-eabi/6.3.1/../../../../arm-atollic-eabi/lib/armv7e-m/fpu/libc.a(lib_a-sprintf.o)
                0x0000000008019178                sprintf
 .text.strcpy   0x00000000080191c0       0x10 /opt/Atollic_TrueSTUDIO_for_STM32_x86_64_9.3.0/ARMTools/bin/../lib/gcc/arm-atollic-eabi/6.3.1/../../../../arm-atollic-eabi/lib/armv7e-m/fpu/libc.a(lib_a-strcpy.o)
                0x00000000080191c0                strcpy
 .text._svfprintf_r
                0x00000000080191d0      0xfa8 /opt/Atollic_TrueSTUDIO_for_STM32_x86_64_9.3.0/ARMTools/bin/../lib/gcc/arm-atollic-eabi/6.3.1/../../../../arm-atollic-eabi/lib/armv7e-m/fpu/libc.a(lib_a-svfprintf.o)
                0x00000000080191d0                _svfprintf_r
 .text.quorem   0x000000000801a178      0x118 /opt/Atollic_TrueSTUDIO_for_STM32_x86_64_9.3.0/ARMTools/bin/../lib/gcc/arm-atollic-eabi/6.3.1/../../../../arm-atollic-eabi/lib/armv7e-m/fpu/libc.a(lib_a-dtoa.o)